Archive member included to satisfy reference by file (symbol)

C:/Users/karen/.pico-sdk/toolchain/13_2_Rel1/bin/../lib/gcc/arm-none-eabi/13.2.1/thumb/v6-m/nofp\libgcc.a(_dvmd_tls.o)
                              CMakeFiles/Joystick_1.dir/C_/Users/karen/.pico-sdk/sdk/1.5.1/src/rp2_common/pico_divider/divider.S.obj (__aeabi_idiv0)
C:/Users/karen/.pico-sdk/toolchain/13_2_Rel1/bin/../lib/gcc/arm-none-eabi/13.2.1/thumb/v6-m/nofp\libg.a(libc_a-calloc.o)
                              CMakeFiles/Joystick_1.dir/C_/Users/karen/.pico-sdk/sdk/1.5.1/src/rp2_common/pico_malloc/pico_malloc.c.obj (calloc)
C:/Users/karen/.pico-sdk/toolchain/13_2_Rel1/bin/../lib/gcc/arm-none-eabi/13.2.1/thumb/v6-m/nofp\libg.a(libc_a-callocr.o)
                              C:/Users/karen/.pico-sdk/toolchain/13_2_Rel1/bin/../lib/gcc/arm-none-eabi/13.2.1/thumb/v6-m/nofp\libg.a(libc_a-calloc.o) (_calloc_r)
C:/Users/karen/.pico-sdk/toolchain/13_2_Rel1/bin/../lib/gcc/arm-none-eabi/13.2.1/thumb/v6-m/nofp\libg.a(libc_a-malloc.o)
                              CMakeFiles/Joystick_1.dir/C_/Users/karen/.pico-sdk/sdk/1.5.1/src/rp2_common/pico_malloc/pico_malloc.c.obj (malloc)
C:/Users/karen/.pico-sdk/toolchain/13_2_Rel1/bin/../lib/gcc/arm-none-eabi/13.2.1/thumb/v6-m/nofp\libg.a(libc_a-mallocr.o)
                              C:/Users/karen/.pico-sdk/toolchain/13_2_Rel1/bin/../lib/gcc/arm-none-eabi/13.2.1/thumb/v6-m/nofp\libg.a(libc_a-callocr.o) (_malloc_r)
C:/Users/karen/.pico-sdk/toolchain/13_2_Rel1/bin/../lib/gcc/arm-none-eabi/13.2.1/thumb/v6-m/nofp\libg.a(libc_a-mlock.o)
                              C:/Users/karen/.pico-sdk/toolchain/13_2_Rel1/bin/../lib/gcc/arm-none-eabi/13.2.1/thumb/v6-m/nofp\libg.a(libc_a-mallocr.o) (__malloc_lock)
C:/Users/karen/.pico-sdk/toolchain/13_2_Rel1/bin/../lib/gcc/arm-none-eabi/13.2.1/thumb/v6-m/nofp\libg.a(libc_a-realloc.o)
                              CMakeFiles/Joystick_1.dir/C_/Users/karen/.pico-sdk/sdk/1.5.1/src/rp2_common/pico_malloc/pico_malloc.c.obj (realloc)
C:/Users/karen/.pico-sdk/toolchain/13_2_Rel1/bin/../lib/gcc/arm-none-eabi/13.2.1/thumb/v6-m/nofp\libg.a(libc_a-reallocr.o)
                              C:/Users/karen/.pico-sdk/toolchain/13_2_Rel1/bin/../lib/gcc/arm-none-eabi/13.2.1/thumb/v6-m/nofp\libg.a(libc_a-realloc.o) (_realloc_r)
C:/Users/karen/.pico-sdk/toolchain/13_2_Rel1/bin/../lib/gcc/arm-none-eabi/13.2.1/thumb/v6-m/nofp\libg.a(libc_a-ctype_.o)
                              CMakeFiles/Joystick_1.dir/inc/ssd1306_i2c.c.obj (_ctype_)
C:/Users/karen/.pico-sdk/toolchain/13_2_Rel1/bin/../lib/gcc/arm-none-eabi/13.2.1/thumb/v6-m/nofp\libg.a(libc_a-memmove.o)
                              C:/Users/karen/.pico-sdk/toolchain/13_2_Rel1/bin/../lib/gcc/arm-none-eabi/13.2.1/thumb/v6-m/nofp\libg.a(libc_a-reallocr.o) (memmove)
C:/Users/karen/.pico-sdk/toolchain/13_2_Rel1/bin/../lib/gcc/arm-none-eabi/13.2.1/thumb/v6-m/nofp\libg.a(libc_a-impure.o)
                              C:/Users/karen/.pico-sdk/toolchain/13_2_Rel1/bin/../lib/gcc/arm-none-eabi/13.2.1/thumb/v6-m/nofp\libg.a(libc_a-calloc.o) (_impure_ptr)
C:/Users/karen/.pico-sdk/toolchain/13_2_Rel1/bin/../lib/gcc/arm-none-eabi/13.2.1/thumb/v6-m/nofp\libg.a(libc_a-sbrkr.o)
                              C:/Users/karen/.pico-sdk/toolchain/13_2_Rel1/bin/../lib/gcc/arm-none-eabi/13.2.1/thumb/v6-m/nofp\libg.a(libc_a-mallocr.o) (_sbrk_r)
C:/Users/karen/.pico-sdk/toolchain/13_2_Rel1/bin/../lib/gcc/arm-none-eabi/13.2.1/thumb/v6-m/nofp\libg.a(libc_a-errno.o)
                              C:/Users/karen/.pico-sdk/toolchain/13_2_Rel1/bin/../lib/gcc/arm-none-eabi/13.2.1/thumb/v6-m/nofp\libg.a(libc_a-callocr.o) (__errno)
C:/Users/karen/.pico-sdk/toolchain/13_2_Rel1/bin/../lib/gcc/arm-none-eabi/13.2.1/thumb/v6-m/nofp\libg.a(libc_a-init.o)
                              C:/Users/karen/.pico-sdk/toolchain/13_2_Rel1/bin/../lib/gcc/arm-none-eabi/13.2.1/thumb/v6-m/nofp/crt0.o (__libc_init_array)
C:/Users/karen/.pico-sdk/toolchain/13_2_Rel1/bin/../lib/gcc/arm-none-eabi/13.2.1/thumb/v6-m/nofp\libg.a(libc_a-lock.o)
                              C:/Users/karen/.pico-sdk/toolchain/13_2_Rel1/bin/../lib/gcc/arm-none-eabi/13.2.1/thumb/v6-m/nofp\libg.a(libc_a-mlock.o) (__retarget_lock_acquire_recursive)
C:/Users/karen/.pico-sdk/toolchain/13_2_Rel1/bin/../lib/gcc/arm-none-eabi/13.2.1/thumb/v6-m/nofp\libg.a(libc_a-sysconf.o)
                              C:/Users/karen/.pico-sdk/toolchain/13_2_Rel1/bin/../lib/gcc/arm-none-eabi/13.2.1/thumb/v6-m/nofp\libg.a(libc_a-mallocr.o) (sysconf)
C:/Users/karen/.pico-sdk/toolchain/13_2_Rel1/bin/../lib/gcc/arm-none-eabi/13.2.1/thumb/v6-m/nofp\libg.a(libc_a-strlen-stub.o)
                              CMakeFiles/Joystick_1.dir/C_/Users/karen/.pico-sdk/sdk/1.5.1/src/rp2_common/pico_stdio/stdio.c.obj (strlen)
C:/Users/karen/.pico-sdk/toolchain/13_2_Rel1/bin/../lib/gcc/arm-none-eabi/13.2.1/thumb/v6-m/nofp\libg.a(libc_a-freer.o)
[...]
Memory Configuration

Name             Origin             Length             Attributes
FLASH            0x10000000         0x00200000         xr
RAM              0x20000000         0x00040000         xrw
SCRATCH_X        0x20040000         0x00001000         xrw
SCRATCH_Y        0x20041000         0x00001000         xrw
*default*        0x00000000         0xffffffff

Linker script and memory map

LOAD C:/Users/karen/.pico-sdk/toolchain/13_2_Rel1/bin/../lib/gcc/arm-none-eabi/13.2.1/thumb/v6-m/nofp/crti.o
LOAD C:/Users/karen/.pico-sdk/toolchain/13_2_Rel1/bin/../lib/gcc/arm-none-eabi/13.2.1/thumb/v6-m/nofp/crtbegin.o
LOAD C:/Users/karen/.pico-sdk/toolchain/13_2_Rel1/bin/../lib/gcc/arm-none-eabi/13.2.1/thumb/v6-m/nofp/crt0.o

.flash_begin    0x10000000        0x0
                0x10000000                        __flash_binary_start = .

.boot2          0x10000000      0x100
                0x10000000                        __boot2_start__ = .
 *(.boot2)
 .boot2         0x10000000      0x100 C:\Users\karen\AppData\Local\Temp\cc2EFIXa.o
                0x10000100                        __boot2_end__ = .
                0x00000001                        ASSERT (((__boot2_end__ - __boot2_start__) == 0x100), ERROR: Pico second stage bootloader must be 256 bytes in size)

.text           0x10000100     0x4a18
                0x10000100                        __logical_binary_start = .
 *(.vectors)
 .vectors       0x10000100       0xd4 CMakeFiles/Joystick_1.dir/C_/Users/karen/.pico-sdk/sdk/1.5.1/src/rp2_common/pico_standard_link/crt0.S.obj
                0x10000100                __VECTOR_TABLE
                0x10000100                __vectors
                0x100001c0                isr_invalid
                0x100001c0                __default_isrs_start
                0x100001c2                isr_nmi
                0x100001c4                isr_hardfault
                0x100001c6                isr_svcall
                0x100001c8                isr_pendsv
                0x100001ca                isr_systick
                0x100001cc                isr_irq23
                0x100001cc                isr_irq18
                0x100001cc                isr_irq11
                0x100001cc                isr_irq28
                0x100001cc                isr_irq19
                0x100001cc                isr_irq0
                0x100001cc                isr_irq6
                0x100001cc                isr_irq5
                0x100001cc                isr_irq12
                0x100001cc                isr_irq22
                0x100001cc                isr_irq31
                0x100001cc                isr_irq17
                0x100001cc                isr_irq27
                0x100001cc                isr_irq30
                0x100001cc                isr_irq2
                0x100001cc                isr_irq10
                0x100001cc                isr_irq8
                0x100001cc                isr_irq24
                0x100001cc                isr_irq1
                0x100001cc                isr_irq7
                0x100001cc                isr_irq21
                0x100001cc                isr_irq20
                0x100001cc                isr_irq15
                0x100001cc                isr_irq25
                0x100001cc                isr_irq13
                0x100001cc                __unhandled_user_irq
                0x100001cc                isr_irq4
                0x100001cc                isr_irq16
                0x100001cc                isr_irq29
                0x100001cc                isr_irq26
                0x100001cc                __default_isrs_end
                0x100001cc                isr_irq3
                0x100001cc                isr_irq14
                0x100001cc                isr_irq9
                0x100001d2                unhandled_user_irq_num_in_r0
 *(.binary_info_header)
 .binary_info_header
                0x100001d4       0x14 CMakeFiles/Joystick_1.dir/C_/Users/karen/.pico-sdk/sdk/1.5.1/src/rp2_common/pico_standard_link/crt0.S.obj
                0x100001e8                        __binary_info_header_end = .
 *(.reset)
 .reset         0x100001e8       0xa0 CMakeFiles/Joystick_1.dir/C_/Users/karen/.pico-sdk/sdk/1.5.1/src/rp2_common/pico_standard_link/crt0.S.obj
                0x100001e8                _entry_point
 .reset         0x10000288       0x30 CMakeFiles/Joystick_1.dir/C_/Users/karen/.pico-sdk/sdk/1.5.1/src/rp2_common/pico_standard_link/binary_info.c.obj
 *(.init)
 .init          0x100002b8        0x4 C:/Users/karen/.pico-sdk/toolchain/13_2_Rel1/bin/../lib/gcc/arm-none-eabi/13.2.1/thumb/v6-m/nofp/crti.o
                0x100002b8                _init
 *(EXCLUDE_FILE(*libm.a: *libc.a:*lib_a-mem*.o *libgcc.a:) .text*)
 .text.register_tm_clones
                0x100002bc       0x28 C:/Users/karen/.pico-sdk/toolchain/13_2_Rel1/bin/../lib/gcc/arm-none-eabi/13.2.1/thumb/v6-m/nofp/crtbegin.o
 .text.frame_dummy
                0x100002e4       0x24 C:/Users/karen/.pico-sdk/toolchain/13_2_Rel1/bin/../lib/gcc/arm-none-eabi/13.2.1/thumb/v6-m/nofp/crtbegin.o
 .text.adc_gpio_init
                0x10000308       0x1e CMakeFiles/Joystick_1.dir/Joystick_1.c.obj
 *fill*         0x10000326        0x2 
 .text.media_adc
                0x10000328       0x54 CMakeFiles/Joystick_1.dir/Joystick_1.c.obj
                0x10000328                media_adc
 .text.main     0x1000037c      0x188 CMakeFiles/Joystick_1.dir/Joystick_1.c.obj
                0x1000037c                main
 .text.calculate_render_area_buffer_length
                0x10000504       0x16 CMakeFiles/Joystick_1.dir/inc/ssd1306_i2c.c.obj
                0x10000504                calculate_render_area_buffer_length
 *fill*         0x1000051a        0x2 
 .text.ssd1306_send_command
                0x1000051c       0x24 CMakeFiles/Joystick_1.dir/inc/ssd1306_i2c.c.obj
                0x1000051c                ssd1306_send_command
 .text.ssd1306_send_command_list
                0x10000540       0x18 CMakeFiles/Joystick_1.dir/inc/ssd1306_i2c.c.obj
                0x10000540                ssd1306_send_command_list
 .text.ssd1306_send_buffer
                0x10000558       0x40 CMakeFiles/Joystick_1.dir/inc/ssd1306_i2c.c.obj
                0x10000558                ssd1306_send_buffer
 .text.ssd1306_init
                0x10000598       0x2c CMakeFiles/Joystick_1.dir/inc/ssd1306_i2c.c.obj
                0x10000598                ssd1306_init
 .text.render_on_display
                0x100005c4       0x36 CMakeFiles/Joystick_1.dir/inc/ssd1306_i2c.c.obj
                0x100005c4                render_on_display
 *fill*         0x100005fa        0x2 
 .text.ssd1306_draw_char
                0x100005fc       0x70 CMakeFiles/Joystick_1.dir/inc/ssd1306_i2c.c.obj
                0x100005fc                ssd1306_draw_char
 .text.ssd1306_draw_string
                0x1000066c       0x2c CMakeFiles/Joystick_1.dir/inc/ssd1306_i2c.c.obj
                0x1000066c                ssd1306_draw_string
 .text.gpio_set_function
                0x10000698       0x30 CMakeFiles/Joystick_1.dir/C_/Users/karen/.pico-sdk/sdk/1.5.1/src/rp2_common/hardware_gpio/gpio.c.obj
                0x10000698                gpio_set_function
 .text.gpio_set_pulls
                0x100006c8       0x34 CMakeFiles/Joystick_1.dir/C_/Users/karen/.pico-sdk/sdk/1.5.1/src/rp2_common/hardware_gpio/gpio.c.obj
                0x100006c8                gpio_set_pulls
 .text.gpio_set_input_enabled
                0x100006fc       0x30 CMakeFiles/Joystick_1.dir/C_/Users/karen/.pico-sdk/sdk/1.5.1/src/rp2_common/hardware_gpio/gpio.c.obj
                0x100006fc                gpio_set_input_enabled
 .text.running_on_fpga
                0x1000072c       0x14 CMakeFiles/Joystick_1.dir/C_/Users/karen/.pico-sdk/sdk/1.5.1/src/rp2_common/pico_platform/platform.c.obj
                0x1000072c                running_on_fpga
 .text.hw_claim_lock
                0x10000740       0x18 CMakeFiles/Joystick_1.dir/C_/Users/karen/.pico-sdk/sdk/1.5.1/src/rp2_common/hardware_claim/claim.c.obj
                0x10000740                hw_claim_lock
 .text.hw_claim_unlock
                0x10000758       0x14 CMakeFiles/Joystick_1.dir/C_/Users/karen/.pico-sdk/sdk/1.5.1/src/rp2_common/hardware_claim/claim.c.obj
                0x10000758                hw_claim_unlock
 .text.hw_claim_or_assert
                0x1000076c       0x32 CMakeFiles/Joystick_1.dir/C_/Users/karen/.pico-sdk/sdk/1.5.1/src/rp2_common/hardware_claim/claim.c.obj
                0x1000076c                hw_claim_or_assert
 *fill*         0x1000079e        0x2 
 .text.spin_locks_reset
                0x100007a0       0x20 CMakeFiles/Joystick_1.dir/C_/Users/karen/.pico-sdk/sdk/1.5.1/src/rp2_common/hardware_sync/sync.c.obj
                0x100007a0                spin_locks_reset
 .text.next_striped_spin_lock_num
                0x100007c0       0x1c CMakeFiles/Joystick_1.dir/C_/Users/karen/.pico-sdk/sdk/1.5.1/src/rp2_common/hardware_sync/sync.c.obj
                0x100007c0                next_striped_spin_lock_num
 .text.set_raw_irq_handler_and_unlock
                0x100007dc       0x28 CMakeFiles/Joystick_1.dir/C_/Users/karen/.pico-sdk/sdk/1.5.1/src/rp2_common/hardware_irq/irq.c.obj
 .text.resolve_branch
                0x10000804       0x30 CMakeFiles/Joystick_1.dir/C_/Users/karen/.pico-sdk/sdk/1.5.1/src/rp2_common/hardware_irq/irq.c.obj
 .text.make_branch
                0x10000834       0x48 CMakeFiles/Joystick_1.dir/C_/Users/karen/.pico-sdk/sdk/1.5.1/src/rp2_common/hardware_irq/irq.c.obj
 .text.insert_branch_and_link
                0x1000087c       0x40 CMakeFiles/Joystick_1.dir/C_/Users/karen/.pico-sdk/sdk/1.5.1/src/rp2_common/hardware_irq/irq.c.obj
 .text.irq_is_enabled
                0x100008bc       0x18 CMakeFiles/Joystick_1.dir/C_/Users/karen/.pico-sdk/sdk/1.5.1/src/rp2_common/hardware_irq/irq.c.obj
                0x100008bc                irq_is_enabled
 .text.irq_set_mask_enabled
                0x100008d4       0x20 CMakeFiles/Joystick_1.dir/C_/Users/karen/.pico-sdk/sdk/1.5.1/src/rp2_common/hardware_irq/irq.c.obj
                0x100008d4                irq_set_mask_enabled
 .text.irq_set_enabled
                0x100008f4        0xe CMakeFiles/Joystick_1.dir/C_/Users/karen/.pico-sdk/sdk/1.5.1/src/rp2_common/hardware_irq/irq.c.obj
                0x100008f4                irq_set_enabled
 *fill*         0x10000902        0x2 
 .text.irq_get_vtable_handler
                0x10000904       0x10 CMakeFiles/Joystick_1.dir/C_/Users/karen/.pico-sdk/sdk/1.5.1/src/rp2_common/hardware_irq/irq.c.obj
                0x10000904                irq_get_vtable_handler
 .text.irq_set_exclusive_handler
                0x10000914       0x54 CMakeFiles/Joystick_1.dir/C_/Users/karen/.pico-sdk/sdk/1.5.1/src/rp2_common/hardware_irq/irq.c.obj
                0x10000914                irq_set_exclusive_handler
 .text.irq_remove_handler
                0x10000968      0x188 CMakeFiles/Joystick_1.dir/C_/Users/karen/.pico-sdk/sdk/1.5.1/src/rp2_common/hardware_irq/irq.c.obj
                0x10000968                irq_remove_handler
 .text.irq_add_tail_to_free_list
                0x10000af0       0xf0 CMakeFiles/Joystick_1.dir/C_/Users/karen/.pico-sdk/sdk/1.5.1/src/rp2_common/hardware_irq/irq.c.obj
                0x10000af0                irq_add_tail_to_free_list
 .text.irq_init_priorities
                0x10000be0       0x1c CMakeFiles/Joystick_1.dir/C_/Users/karen/.pico-sdk/sdk/1.5.1/src/rp2_common/hardware_irq/irq.c.obj
                0x10000be0                irq_init_priorities
 .text.lock_init
                0x10000bfc       0x10 CMakeFiles/Joystick_1.dir/C_/Users/karen/.pico-sdk/sdk/1.5.1/src/common/pico_sync/lock_core.c.obj
                0x10000bfc                lock_init
 .text.mutex_init
                0x10000c0c       0x1a CMakeFiles/Joystick_1.dir/C_/Users/karen/.pico-sdk/sdk/1.5.1/src/common/pico_sync/mutex.c.obj
                0x10000c0c                mutex_init
 .text.recursive_mutex_init
                0x10000c26       0x1e CMakeFiles/Joystick_1.dir/C_/Users/karen/.pico-sdk/sdk/1.5.1/src/common/pico_sync/mutex.c.obj
                0x10000c26                recursive_mutex_init
 .text.time_reached
                0x10000c44       0x28 CMakeFiles/Joystick_1.dir/C_/Users/karen/.pico-sdk/sdk/1.5.1/src/common/pico_time/time.c.obj
 .text.get_entry
                0x10000c6c       0x38 CMakeFiles/Joystick_1.dir/C_/Users/karen/.pico-sdk/sdk/1.5.1/src/common/pico_time/time.c.obj
 .text.timer_pool_entry_comparator
                0x10000ca4       0x2e CMakeFiles/Joystick_1.dir/C_/Users/karen/.pico-sdk/sdk/1.5.1/src/common/pico_time/time.c.obj
                0x10000ca4                timer_pool_entry_comparator
 *fill*         0x10000cd2        0x2 
 .text.update_us_since_boot
                0x10000cd4       0x24 CMakeFiles/Joystick_1.dir/C_/Users/karen/.pico-sdk/sdk/1.5.1/src/common/pico_time/time.c.obj
 .text.delayed_by_us
                0x10000cf8       0x34 CMakeFiles/Joystick_1.dir/C_/Users/karen/.pico-sdk/sdk/1.5.1/src/common/pico_time/time.c.obj
 .text.ph_get_node
                0x10000d2c       0x30 CMakeFiles/Joystick_1.dir/C_/Users/karen/.pico-sdk/sdk/1.5.1/src/common/pico_time/time.c.obj
 .text.ph_contains_node
                0x10000d5c       0x1e CMakeFiles/Joystick_1.dir/C_/Users/karen/.pico-sdk/sdk/1.5.1/src/common/pico_time/time.c.obj
 .text.ph_new_node
                0x10000d7a       0x28 CMakeFiles/Joystick_1.dir/C_/Users/karen/.pico-sdk/sdk/1.5.1/src/common/pico_time/time.c.obj
 *fill*         0x10000da2        0x2 
 .text.ph_add_child_node
                0x10000da4       0x6c CMakeFiles/Joystick_1.dir/C_/Users/karen/.pico-sdk/sdk/1.5.1/src/common/pico_time/time.c.obj
 .text.ph_merge_nodes
                0x10000e10       0x3e CMakeFiles/Joystick_1.dir/C_/Users/karen/.pico-sdk/sdk/1.5.1/src/common/pico_time/time.c.obj
 *fill*         0x10000e4e        0x2 
 .text.ph_insert_node
                0x10000e50       0x3c CMakeFiles/Joystick_1.dir/C_/Users/karen/.pico-sdk/sdk/1.5.1/src/common/pico_time/time.c.obj
 .text.ph_free_node
                0x10000e8c       0x5c CMakeFiles/Joystick_1.dir/C_/Users/karen/.pico-sdk/sdk/1.5.1/src/common/pico_time/time.c.obj
 .text.get_entry_id_high
                0x10000ee8       0x30 CMakeFiles/Joystick_1.dir/C_/Users/karen/.pico-sdk/sdk/1.5.1/src/common/pico_time/time.c.obj
 .text.alarm_pool_post_alloc_init
                0x10000f18       0x40 CMakeFiles/Joystick_1.dir/C_/Users/karen/.pico-sdk/sdk/1.5.1/src/common/pico_time/time.c.obj
 .text.sleep_until_callback
                0x10000f58       0x30 CMakeFiles/Joystick_1.dir/C_/Users/karen/.pico-sdk/sdk/1.5.1/src/common/pico_time/time.c.obj
 .text.get_absolute_time
                0x10000f88       0x22 CMakeFiles/Joystick_1.dir/C_/Users/karen/.pico-sdk/sdk/1.5.1/src/common/pico_time/time.c.obj
 .text.make_timeout_time_us
                0x10000faa       0x24 CMakeFiles/Joystick_1.dir/C_/Users/karen/.pico-sdk/sdk/1.5.1/src/common/pico_time/time.c.obj
 *fill*         0x10000fce        0x2 
 .text.add_alarm_under_lock
                0x10000fd0       0x94 CMakeFiles/Joystick_1.dir/C_/Users/karen/.pico-sdk/sdk/1.5.1/src/common/pico_time/time.c.obj
 .text.alarm_pool_alarm_callback
                0x10001064      0x210 CMakeFiles/Joystick_1.dir/C_/Users/karen/.pico-sdk/sdk/1.5.1/src/common/pico_time/time.c.obj
 .text.alarm_pool_init_default
                0x10001274       0x40 CMakeFiles/Joystick_1.dir/C_/Users/karen/.pico-sdk/sdk/1.5.1/src/common/pico_time/time.c.obj
                0x10001274                alarm_pool_init_default
 .text.alarm_pool_get_default
                0x100012b4       0x2c CMakeFiles/Joystick_1.dir/C_/Users/karen/.pico-sdk/sdk/1.5.1/src/common/pico_time/time.c.obj
                0x100012b4                alarm_pool_get_default
 .text.alarm_pool_add_alarm_at
                0x100012e0      0x10e CMakeFiles/Joystick_1.dir/C_/Users/karen/.pico-sdk/sdk/1.5.1/src/common/pico_time/time.c.obj
                0x100012e0                alarm_pool_add_alarm_at
 .text.add_alarm_at
                0x100013ee       0x2e CMakeFiles/Joystick_1.dir/C_/Users/karen/.pico-sdk/sdk/1.5.1/src/common/pico_time/time.c.obj
 .text.alarm_pool_cancel_alarm
                0x1000141c       0xa8 CMakeFiles/Joystick_1.dir/C_/Users/karen/.pico-sdk/sdk/1.5.1/src/common/pico_time/time.c.obj
                0x1000141c                alarm_pool_cancel_alarm
 .text.cancel_alarm
                0x100014c4       0x10 CMakeFiles/Joystick_1.dir/C_/Users/karen/.pico-sdk/sdk/1.5.1/src/common/pico_time/time.c.obj
 .text.sleep_until
                0x100014d4       0xb0 CMakeFiles/Joystick_1.dir/C_/Users/karen/.pico-sdk/sdk/1.5.1/src/common/pico_time/time.c.obj
                0x100014d4                sleep_until
 .text.sleep_us
                0x10001584       0x1a CMakeFiles/Joystick_1.dir/C_/Users/karen/.pico-sdk/sdk/1.5.1/src/common/pico_time/time.c.obj
                0x10001584                sleep_us
 .text.sleep_ms
                0x1000159e       0x14 CMakeFiles/Joystick_1.dir/C_/Users/karen/.pico-sdk/sdk/1.5.1/src/common/pico_time/time.c.obj
                0x1000159e                sleep_ms
 *fill*         0x100015b2        0x2 
 .text.best_effort_wfe_or_timeout
                0x100015b4       0x44 CMakeFiles/Joystick_1.dir/C_/Users/karen/.pico-sdk/sdk/1.5.1/src/common/pico_time/time.c.obj
                0x100015b4                best_effort_wfe_or_timeout
 .text.hardware_alarm_irq_handler
                0x100015f8       0x8c CMakeFiles/Joystick_1.dir/C_/Users/karen/.pico-sdk/sdk/1.5.1/src/rp2_common/hardware_timer/timer.c.obj
 .text.hardware_alarm_claim
                0x10001684       0x18 CMakeFiles/Joystick_1.dir/C_/Users/karen/.pico-sdk/sdk/1.5.1/src/rp2_common/hardware_timer/timer.c.obj
                0x10001684                hardware_alarm_claim
 .text.time_us_64
                0x1000169c       0x18 CMakeFiles/Joystick_1.dir/C_/Users/karen/.pico-sdk/sdk/1.5.1/src/rp2_common/hardware_timer/timer.c.obj
                0x1000169c                time_us_64
 .text.busy_wait_until
                0x100016b4       0x28 CMakeFiles/Joystick_1.dir/C_/Users/karen/.pico-sdk/sdk/1.5.1/src/rp2_common/hardware_timer/timer.c.obj
                0x100016b4                busy_wait_until
 .text.hardware_alarm_set_callback
                0x100016dc       0x90 CMakeFiles/Joystick_1.dir/C_/Users/karen/.pico-sdk/sdk/1.5.1/src/rp2_common/hardware_timer/timer.c.obj
                0x100016dc                hardware_alarm_set_callback
 .text.hardware_alarm_set_target
                0x1000176c       0xe8 CMakeFiles/Joystick_1.dir/C_/Users/karen/.pico-sdk/sdk/1.5.1/src/rp2_common/hardware_timer/timer.c.obj
                0x1000176c                hardware_alarm_set_target
 .text.hardware_alarm_cancel
                0x10001854       0x40 CMakeFiles/Joystick_1.dir/C_/Users/karen/.pico-sdk/sdk/1.5.1/src/rp2_common/hardware_timer/timer.c.obj
                0x10001854                hardware_alarm_cancel
 .text.ph_get_node
                0x10001894       0x30 CMakeFiles/Joystick_1.dir/C_/Users/karen/.pico-sdk/sdk/1.5.1/src/common/pico_util/pheap.c.obj
 .text.ph_add_child_node
                0x100018c4       0x6c CMakeFiles/Joystick_1.dir/C_/Users/karen/.pico-sdk/sdk/1.5.1/src/common/pico_util/pheap.c.obj
 .text.ph_merge_nodes
                0x10001930       0x3e CMakeFiles/Joystick_1.dir/C_/Users/karen/.pico-sdk/sdk/1.5.1/src/common/pico_util/pheap.c.obj
 .text.ph_clear
                0x1000196e       0x34 CMakeFiles/Joystick_1.dir/C_/Users/karen/.pico-sdk/sdk/1.5.1/src/common/pico_util/pheap.c.obj
                0x1000196e                ph_clear
 .text.ph_post_alloc_init
                0x100019a2        0xe CMakeFiles/Joystick_1.dir/C_/Users/karen/.pico-sdk/sdk/1.5.1/src/common/pico_util/pheap.c.obj
                0x100019a2                ph_post_alloc_init
 .text.ph_merge_two_pass
                0x100019b0       0x5c CMakeFiles/Joystick_1.dir/C_/Users/karen/.pico-sdk/sdk/1.5.1/src/common/pico_util/pheap.c.obj
                0x100019b0                ph_merge_two_pass
 .text.ph_remove_any_head
                0x10001a0c       0xc0 CMakeFiles/Joystick_1.dir/C_/Users/karen/.pico-sdk/sdk/1.5.1/src/common/pico_util/pheap.c.obj
 .text.ph_remove_head
                0x10001acc       0x14 CMakeFiles/Joystick_1.dir/C_/Users/karen/.pico-sdk/sdk/1.5.1/src/common/pico_util/pheap.c.obj
                0x10001acc                ph_remove_head
 .text.ph_remove_and_free_node
                0x10001ae0       0xa0 CMakeFiles/Joystick_1.dir/C_/Users/karen/.pico-sdk/sdk/1.5.1/src/common/pico_util/pheap.c.obj
                0x10001ae0                ph_remove_and_free_node
 .text.clock_configure
                0x10001b80      0x108 CMakeFiles/Joystick_1.dir/C_/Users/karen/.pico-sdk/sdk/1.5.1/src/rp2_common/hardware_clocks/clocks.c.obj
                0x10001b80                clock_configure
 .text.clocks_init
                0x10001c88      0x100 CMakeFiles/Joystick_1.dir/C_/Users/karen/.pico-sdk/sdk/1.5.1/src/rp2_common/hardware_clocks/clocks.c.obj
                0x10001c88                clocks_init
 .text.clock_get_hz
                0x10001d88        0xc CMakeFiles/Joystick_1.dir/C_/Users/karen/.pico-sdk/sdk/1.5.1/src/rp2_common/hardware_clocks/clocks.c.obj
                0x10001d88                clock_get_hz
 .text.pll_init
                0x10001d94      0x120 CMakeFiles/Joystick_1.dir/C_/Users/karen/.pico-sdk/sdk/1.5.1/src/rp2_common/hardware_pll/pll.c.obj
                0x10001d94                pll_init
 .text.watchdog_start_tick
                0x10001eb4       0x10 CMakeFiles/Joystick_1.dir/C_/Users/karen/.pico-sdk/sdk/1.5.1/src/rp2_common/hardware_watchdog/watchdog.c.obj
                0x10001eb4                watchdog_start_tick
 .text.xosc_init
                0x10001ec4       0x28 CMakeFiles/Joystick_1.dir/C_/Users/karen/.pico-sdk/sdk/1.5.1/src/rp2_common/hardware_xosc/xosc.c.obj
                0x10001ec4                xosc_init
 .text._exit    0x10001eec        0x4 CMakeFiles/Joystick_1.dir/C_/Users/karen/.pico-sdk/sdk/1.5.1/src/rp2_common/pico_runtime/runtime.c.obj
                0x10001eec                _exit
 .text._sbrk    0x10001ef0       0x38 CMakeFiles/Joystick_1.dir/C_/Users/karen/.pico-sdk/sdk/1.5.1/src/rp2_common/pico_runtime/runtime.c.obj
                0x10001ef0                _sbrk
 .text.exit     0x10001f28        0x6 CMakeFiles/Joystick_1.dir/C_/Users/karen/.pico-sdk/sdk/1.5.1/src/rp2_common/pico_runtime/runtime.c.obj
                0x10001f28                exit
 *fill*         0x10001f2e        0x2 
 .text.__assert_func
                0x10001f30       0x38 CMakeFiles/Joystick_1.dir/C_/Users/karen/.pico-sdk/sdk/1.5.1/src/rp2_common/pico_runtime/runtime.c.obj
                0x10001f30                __assert_func
 .text.runtime_init
                0x10001f68       0xf8 CMakeFiles/Joystick_1.dir/C_/Users/karen/.pico-sdk/sdk/1.5.1/src/rp2_common/pico_runtime/runtime.c.obj
                0x10001f68                runtime_init
 .text.panic    0x10002060       0x30 CMakeFiles/Joystick_1.dir/C_/Users/karen/.pico-sdk/sdk/1.5.1/src/rp2_common/pico_runtime/runtime.c.obj
                0x10002060                panic
 .text._out_buffer
                0x10002090        0x8 CMakeFiles/Joystick_1.dir/C_/Users/karen/.pico-sdk/sdk/1.5.1/src/rp2_common/pico_printf/printf.c.obj
 .text._out_null
                0x10002098        0x2 CMakeFiles/Joystick_1.dir/C_/Users/karen/.pico-sdk/sdk/1.5.1/src/rp2_common/pico_printf/printf.c.obj
 .text._out_fct
                0x1000209a        0xe CMakeFiles/Joystick_1.dir/C_/Users/karen/.pico-sdk/sdk/1.5.1/src/rp2_common/pico_printf/printf.c.obj
 .text._atoi    0x100020a8       0x24 CMakeFiles/Joystick_1.dir/C_/Users/karen/.pico-sdk/sdk/1.5.1/src/rp2_common/pico_printf/printf.c.obj
 .text._out_rev
                0x100020cc       0xae CMakeFiles/Joystick_1.dir/C_/Users/karen/.pico-sdk/sdk/1.5.1/src/rp2_common/pico_printf/printf.c.obj
 .text._ntoa_format
                0x1000217a      0x110 CMakeFiles/Joystick_1.dir/C_/Users/karen/.pico-sdk/sdk/1.5.1/src/rp2_common/pico_printf/printf.c.obj
 .text._ntoa_long
                0x1000228a       0xbc CMakeFiles/Joystick_1.dir/C_/Users/karen/.pico-sdk/sdk/1.5.1/src/rp2_common/pico_printf/printf.c.obj
 .text._ntoa_long_long
                0x10002346      0x10e CMakeFiles/Joystick_1.dir/C_/Users/karen/.pico-sdk/sdk/1.5.1/src/rp2_common/pico_printf/printf.c.obj
 .text._etoa    0x10002454      0x420 CMakeFiles/Joystick_1.dir/C_/Users/karen/.pico-sdk/sdk/1.5.1/src/rp2_common/pico_printf/printf.c.obj
 .text._ftoa    0x10002874      0x354 CMakeFiles/Joystick_1.dir/C_/Users/karen/.pico-sdk/sdk/1.5.1/src/rp2_common/pico_printf/printf.c.obj
 .text._vsnprintf
                0x10002bc8      0x668 CMakeFiles/Joystick_1.dir/C_/Users/karen/.pico-sdk/sdk/1.5.1/src/rp2_common/pico_printf/printf.c.obj
 .text.__wrap_sprintf
                0x10003230       0x2c CMakeFiles/Joystick_1.dir/C_/Users/karen/.pico-sdk/sdk/1.5.1/src/rp2_common/pico_printf/printf.c.obj
                0x10003230                __wrap_sprintf
 .text.vfctprintf
                0x1000325c       0x20 CMakeFiles/Joystick_1.dir/C_/Users/karen/.pico-sdk/sdk/1.5.1/src/rp2_common/pico_printf/printf.c.obj
                0x1000325c                vfctprintf
 .text          0x1000327c       0x10 CMakeFiles/Joystick_1.dir/C_/Users/karen/.pico-sdk/sdk/1.5.1/src/rp2_common/pico_bit_ops/bit_ops_aeabi.S.obj
 .text.rom_func_lookup
                0x1000328c       0x10 CMakeFiles/Joystick_1.dir/C_/Users/karen/.pico-sdk/sdk/1.5.1/src/rp2_common/pico_bootrom/bootrom.c.obj
                0x1000328c                rom_func_lookup
 .text.rom_data_lookup
                0x1000329c       0x10 CMakeFiles/Joystick_1.dir/C_/Users/karen/.pico-sdk/sdk/1.5.1/src/rp2_common/pico_bootrom/bootrom.c.obj
                0x1000329c                rom_data_lookup
 .text.rom_funcs_lookup
                0x100032ac       0x36 CMakeFiles/Joystick_1.dir/C_/Users/karen/.pico-sdk/sdk/1.5.1/src/rp2_common/pico_bootrom/bootrom.c.obj
                0x100032ac                rom_funcs_lookup
 *fill*         0x100032e2        0x2 
 .text.__wrap___aeabi_idiv
                0x100032e4       0x50 CMakeFiles/Joystick_1.dir/C_/Users/karen/.pico-sdk/sdk/1.5.1/src/rp2_common/pico_divider/divider.S.obj
                0x100032e4                __wrap___aeabi_idivmod
                0x100032e4                divmod_s32s32
                0x100032e4                div_s32s32
                0x100032e4                __wrap___aeabi_idiv
                0x100032ec                divmod_s32s32_unsafe
                0x10003318                divmod_s32s32_savestate
 .text.__wrap___aeabi_uidiv
                0x10003334       0x4c CMakeFiles/Joystick_1.dir/C_/Users/karen/.pico-sdk/sdk/1.5.1/src/rp2_common/pico_divider/divider.S.obj
                0x10003334                __wrap___aeabi_uidiv
                0x10003334                __wrap___aeabi_uidivmod
                0x10003334                div_u32u32
                0x10003334                divmod_u32u32
                0x1000333c                divmod_u32u32_unsafe
                0x10003364                divmod_u32u32_savestate
 .text.__wrap___aeabi_ldiv
                0x10003380      0x424 CMakeFiles/Joystick_1.dir/C_/Users/karen/.pico-sdk/sdk/1.5.1/src/rp2_common/pico_divider/divider.S.obj
                0x10003380                div_s64s64
                0x10003380                divmod_s64s64
                0x10003380                __wrap___aeabi_ldivmod
                0x100033b0                divmod_u64u64
                0x100033b0                div_u64u64
                0x100033b0                __wrap___aeabi_uldivmod
                0x100033c0                divmod_u64u64_savestate
                0x100033e0                divmod_s64s64_unsafe
                0x10003468                divmod_u64u64_unsafe
 .text.__wrap___aeabi_darithmetic
                0x100037a4       0x60 CMakeFiles/Joystick_1.dir/C_/Users/karen/.pico-sdk/sdk/1.5.1/src/rp2_common/pico_double/double_aeabi.S.obj
                0x100037a4                __wrap___aeabi_drsub
                0x100037aa                __wrap___aeabi_dsub
                0x100037b4                __wrap___aeabi_dadd
                0x100037be                __wrap___aeabi_ddiv
                0x100037f2                __wrap___aeabi_dmul
 .text.__wrap___aeabi_cdcmple
                0x10003804       0x6c CMakeFiles/Joystick_1.dir/C_/Users/karen/.pico-sdk/sdk/1.5.1/src/rp2_common/pico_double/double_aeabi.S.obj
                0x10003804                __wrap___aeabi_cdrcmple
                0x10003814                __wrap___aeabi_cdcmpeq
                0x10003814                __wrap___aeabi_cdcmple
 .text.__wrap___aeabi_dcmplt
                0x10003870        0xc CMakeFiles/Joystick_1.dir/C_/Users/karen/.pico-sdk/sdk/1.5.1/src/rp2_common/pico_double/double_aeabi.S.obj
                0x10003870                __wrap___aeabi_dcmplt
 .text.__wrap___aeabi_dcmple
                0x1000387c       0x10 CMakeFiles/Joystick_1.dir/C_/Users/karen/.pico-sdk/sdk/1.5.1/src/rp2_common/pico_double/double_aeabi.S.obj
                0x1000387c                __wrap___aeabi_dcmple
 .text.__wrap___aeabi_dcmpge
                0x1000388c       0x10 CMakeFiles/Joystick_1.dir/C_/Users/karen/.pico-sdk/sdk/1.5.1/src/rp2_common/pico_double/double_aeabi.S.obj
                0x1000388c                __wrap___aeabi_dcmpge
 .text.__wrap___aeabi_dcmpgt
                0x1000389c        0xa CMakeFiles/Joystick_1.dir/C_/Users/karen/.pico-sdk/sdk/1.5.1/src/rp2_common/pico_double/double_aeabi.S.obj
                0x1000389c                __wrap___aeabi_dcmpgt
 .text.__wrap___aeabi_dcmpun
                0x100038a6       0x1c CMakeFiles/Joystick_1.dir/C_/Users/karen/.pico-sdk/sdk/1.5.1/src/rp2_common/pico_double/double_aeabi.S.obj
                0x100038a6                __wrap___aeabi_dcmpun
 *fill*         0x100038c2        0x2 
 .text.__wrap___aeabi_i2d
                0x100038c4       0x38 CMakeFiles/Joystick_1.dir/C_/Users/karen/.pico-sdk/sdk/1.5.1/src/rp2_common/pico_double/double_aeabi.S.obj
                0x100038c4                __wrap___aeabi_ui2d
                0x100038cc                __wrap___aeabi_i2d
 .text.__wrap___aeabi_d2iz
                0x100038fc       0x48 CMakeFiles/Joystick_1.dir/C_/Users/karen/.pico-sdk/sdk/1.5.1/src/rp2_common/pico_double/double_aeabi.S.obj
                0x100038fc                double2int_z
                0x100038fc                __wrap___aeabi_d2iz
 .text.__wrap___aeabi_d2uiz
                0x10003944       0x10 CMakeFiles/Joystick_1.dir/C_/Users/karen/.pico-sdk/sdk/1.5.1/src/rp2_common/pico_double/double_aeabi.S.obj
                0x10003944                __wrap___aeabi_d2uiz
                0x10003944                double2uint
 .text.missing_double_func_shim
                0x10003954        0xc CMakeFiles/Joystick_1.dir/C_/Users/karen/.pico-sdk/sdk/1.5.1/src/rp2_common/pico_double/double_init_rom.c.obj
 .text.__aeabi_double_init
                0x10003960       0xd0 CMakeFiles/Joystick_1.dir/C_/Users/karen/.pico-sdk/sdk/1.5.1/src/rp2_common/pico_double/double_init_rom.c.obj
                0x10003960                __aeabi_double_init
 .text.double_table_shim_on_use_helper
                0x10003a30       0x34 CMakeFiles/Joystick_1.dir/C_/Users/karen/.pico-sdk/sdk/1.5.1/src/rp2_common/pico_double/double_v1_rom_shim.S.obj
                0x10003a30                double_table_shim_on_use_helper
 .text.__aeabi_lmul
                0x10003a64       0x32 CMakeFiles/Joystick_1.dir/C_/Users/karen/.pico-sdk/sdk/1.5.1/src/rp2_common/pico_int64_ops/pico_int64_ops_aeabi.S.obj
                0x10003a64                __wrap___aeabi_lmul
 *fill*         0x10003a96        0x2 
 .text.missing_float_func_shim
                0x10003a98        0xc CMakeFiles/Joystick_1.dir/C_/Users/karen/.pico-sdk/sdk/1.5.1/src/rp2_common/pico_float/float_init_rom.c.obj
 .text.__aeabi_float_init
                0x10003aa4       0x88 CMakeFiles/Joystick_1.dir/C_/Users/karen/.pico-sdk/sdk/1.5.1/src/rp2_common/pico_float/float_init_rom.c.obj
                0x10003aa4                __aeabi_float_init
 .text.check_alloc
                0x10003b2c       0x20 CMakeFiles/Joystick_1.dir/C_/Users/karen/.pico-sdk/sdk/1.5.1/src/rp2_common/pico_malloc/pico_malloc.c.obj
 .text.__wrap_malloc
                0x10003b4c       0x14 CMakeFiles/Joystick_1.dir/C_/Users/karen/.pico-sdk/sdk/1.5.1/src/rp2_common/pico_malloc/pico_malloc.c.obj
                0x10003b4c                __wrap_malloc
 .text.__wrap_free
                0x10003b60        0x8 CMakeFiles/Joystick_1.dir/C_/Users/karen/.pico-sdk/sdk/1.5.1/src/rp2_common/pico_malloc/pico_malloc.c.obj
                0x10003b60                __wrap_free
 .text          0x10003b68       0x10 CMakeFiles/Joystick_1.dir/C_/Users/karen/.pico-sdk/sdk/1.5.1/src/rp2_common/pico_mem_ops/mem_ops_aeabi.S.obj
                0x10003b68                __aeabi_mem_init
 .text.memset   0x10003b78        0xc CMakeFiles/Joystick_1.dir/C_/Users/karen/.pico-sdk/sdk/1.5.1/src/rp2_common/pico_mem_ops/mem_ops_aeabi.S.obj
                0x10003b78                __wrap_memset
 .text.memcpy   0x10003b84        0xc CMakeFiles/Joystick_1.dir/C_/Users/karen/.pico-sdk/sdk/1.5.1/src/rp2_common/pico_mem_ops/mem_ops_aeabi.S.obj
                0x10003b84                __wrap_memcpy
                0x10003b84                __wrap___aeabi_memcpy
 .text.stdio_out_chars_no_crlf
                0x10003b90        0xe CMakeFiles/Joystick_1.dir/C_/Users/karen/.pico-sdk/sdk/1.5.1/src/rp2_common/pico_stdio/stdio.c.obj
 *fill*         0x10003b9e        0x2 
 .text.stdio_out_chars_crlf
                0x10003ba0       0x80 CMakeFiles/Joystick_1.dir/C_/Users/karen/.pico-sdk/sdk/1.5.1/src/rp2_common/pico_stdio/stdio.c.obj
 .text.stdio_stack_buffer_flush
                0x10003c20       0x44 CMakeFiles/Joystick_1.dir/C_/Users/karen/.pico-sdk/sdk/1.5.1/src/rp2_common/pico_stdio/stdio.c.obj
 .text.stdio_buffered_printer
                0x10003c64       0x20 CMakeFiles/Joystick_1.dir/C_/Users/karen/.pico-sdk/sdk/1.5.1/src/rp2_common/pico_stdio/stdio.c.obj
 .text.update_us_since_boot
                0x10003c84       0x24 CMakeFiles/Joystick_1.dir/C_/Users/karen/.pico-sdk/sdk/1.5.1/src/rp2_common/pico_stdio/stdio.c.obj
 .text.get_absolute_time
                0x10003ca8       0x22 CMakeFiles/Joystick_1.dir/C_/Users/karen/.pico-sdk/sdk/1.5.1/src/rp2_common/pico_stdio/stdio.c.obj
 *fill*         0x10003cca        0x2 
 .text.delayed_by_ms
                0x10003ccc       0x44 CMakeFiles/Joystick_1.dir/C_/Users/karen/.pico-sdk/sdk/1.5.1/src/rp2_common/pico_stdio/stdio.c.obj
 .text.make_timeout_time_ms
                0x10003d10       0x20 CMakeFiles/Joystick_1.dir/C_/Users/karen/.pico-sdk/sdk/1.5.1/src/rp2_common/pico_stdio/stdio.c.obj
 .text.stdout_serialize_begin
                0x10003d30       0x20 CMakeFiles/Joystick_1.dir/C_/Users/karen/.pico-sdk/sdk/1.5.1/src/rp2_common/pico_stdio/stdio.c.obj
                0x10003d30                stdout_serialize_begin
 .text.stdout_serialize_end
                0x10003d50       0x10 CMakeFiles/Joystick_1.dir/C_/Users/karen/.pico-sdk/sdk/1.5.1/src/rp2_common/pico_stdio/stdio.c.obj
                0x10003d50                stdout_serialize_end
 .text.stdio_put_string
                0x10003d60       0x98 CMakeFiles/Joystick_1.dir/C_/Users/karen/.pico-sdk/sdk/1.5.1/src/rp2_common/pico_stdio/stdio.c.obj
 .text.__wrap_putchar
                0x10003df8       0x1c CMakeFiles/Joystick_1.dir/C_/Users/karen/.pico-sdk/sdk/1.5.1/src/rp2_common/pico_stdio/stdio.c.obj
                0x10003df8                __wrap_putchar
 .text.stdio_flush
                0x10003e14       0x20 CMakeFiles/Joystick_1.dir/C_/Users/karen/.pico-sdk/sdk/1.5.1/src/rp2_common/pico_stdio/stdio.c.obj
                0x10003e14                stdio_flush
 .text.__wrap_puts
                0x10003e34       0x1e CMakeFiles/Joystick_1.dir/C_/Users/karen/.pico-sdk/sdk/1.5.1/src/rp2_common/pico_stdio/stdio.c.obj
                0x10003e34                __wrap_puts
 *fill*         0x10003e52        0x2 
 .text.__wrap_vprintf
                0x10003e54       0x40 CMakeFiles/Joystick_1.dir/C_/Users/karen/.pico-sdk/sdk/1.5.1/src/rp2_common/pico_stdio/stdio.c.obj
                0x10003e54                __wrap_vprintf
 .text.__wrap_printf
                0x10003e94       0x18 CMakeFiles/Joystick_1.dir/C_/Users/karen/.pico-sdk/sdk/1.5.1/src/rp2_common/pico_stdio/stdio.c.obj
                0x10003e94                __wrap_printf
 .text.stdio_init_all
                0x10003eac        0x4 CMakeFiles/Joystick_1.dir/C_/Users/karen/.pico-sdk/sdk/1.5.1/src/rp2_common/pico_stdio/stdio.c.obj
                0x10003eac                stdio_init_all
 .text.i2c_write_blocking_internal
                0x10003eb0      0x146 CMakeFiles/Joystick_1.dir/C_/Users/karen/.pico-sdk/sdk/1.5.1/src/rp2_common/hardware_i2c/i2c.c.obj
 *fill*         0x10003ff6        0x2 
 .text.i2c_set_baudrate
                0x10003ff8       0xf0 CMakeFiles/Joystick_1.dir/C_/Users/karen/.pico-sdk/sdk/1.5.1/src/rp2_common/hardware_i2c/i2c.c.obj
                0x10003ff8                i2c_set_baudrate
 .text.i2c_init
                0x100040e8       0x58 CMakeFiles/Joystick_1.dir/C_/Users/karen/.pico-sdk/sdk/1.5.1/src/rp2_common/hardware_i2c/i2c.c.obj
                0x100040e8                i2c_init
 .text.i2c_write_blocking
                0x10004140       0x18 CMakeFiles/Joystick_1.dir/C_/Users/karen/.pico-sdk/sdk/1.5.1/src/rp2_common/hardware_i2c/i2c.c.obj
                0x10004140                i2c_write_blocking
 .text.adc_init
                0x10004158       0x34 CMakeFiles/Joystick_1.dir/C_/Users/karen/.pico-sdk/sdk/1.5.1/src/rp2_common/hardware_adc/adc.c.obj
                0x10004158                adc_init
 .text.malloc   0x1000418c       0x14 C:/Users/karen/.pico-sdk/toolchain/13_2_Rel1/bin/../lib/gcc/arm-none-eabi/13.2.1/thumb/v6-m/nofp\libg.a(libc_a-malloc.o)
                0x1000418c                malloc
 .text.free     0x100041a0       0x14 C:/Users/karen/.pico-sdk/toolchain/13_2_Rel1/bin/../lib/gcc/arm-none-eabi/13.2.1/thumb/v6-m/nofp\libg.a(libc_a-malloc.o)
                0x100041a0                free
 .text._malloc_r
                0x100041b4      0x5c4 C:/Users/karen/.pico-sdk/toolchain/13_2_Rel1/bin/../lib/gcc/arm-none-eabi/13.2.1/thumb/v6-m/nofp\libg.a(libc_a-mallocr.o)
                0x100041b4                _malloc_r
 .text.__malloc_lock
                0x10004778       0x10 C:/Users/karen/.pico-sdk/toolchain/13_2_Rel1/bin/../lib/gcc/arm-none-eabi/13.2.1/thumb/v6-m/nofp\libg.a(libc_a-mlock.o)
                0x10004778                __malloc_lock
 .text.__malloc_unlock
                0x10004788       0x10 C:/Users/karen/.pico-sdk/toolchain/13_2_Rel1/bin/../lib/gcc/arm-none-eabi/13.2.1/thumb/v6-m/nofp\libg.a(libc_a-mlock.o)
                0x10004788                __malloc_unlock
 .text._sbrk_r  0x10004798       0x24 C:/Users/karen/.pico-sdk/toolchain/13_2_Rel1/bin/../lib/gcc/arm-none-eabi/13.2.1/thumb/v6-m/nofp\libg.a(libc_a-sbrkr.o)
                0x10004798                _sbrk_r
 .text.__errno  0x100047bc        0xc C:/Users/karen/.pico-sdk/toolchain/13_2_Rel1/bin/../lib/gcc/arm-none-eabi/13.2.1/thumb/v6-m/nofp\libg.a(libc_a-errno.o)
                0x100047bc                __errno
 .text.__retarget_lock_acquire_recursive
                0x100047c8        0x4 C:/Users/karen/.pico-sdk/toolchain/13_2_Rel1/bin/../lib/gcc/arm-none-eabi/13.2.1/thumb/v6-m/nofp\libg.a(libc_a-lock.o)
                0x100047c8                __retarget_lock_acquire_recursive
 .text.__retarget_lock_release_recursive
                0x100047cc        0x4 C:/Users/karen/.pico-sdk/toolchain/13_2_Rel1/bin/../lib/gcc/arm-none-eabi/13.2.1/thumb/v6-m/nofp\libg.a(libc_a-lock.o)
                0x100047cc                __retarget_lock_release_recursive
 .text.sysconf  0x100047d0       0x1c C:/Users/karen/.pico-sdk/toolchain/13_2_Rel1/bin/../lib/gcc/arm-none-eabi/13.2.1/thumb/v6-m/nofp\libg.a(libc_a-sysconf.o)
                0x100047d0                sysconf
 .text.strlen   0x100047ec       0x5c C:/Users/karen/.pico-sdk/toolchain/13_2_Rel1/bin/../lib/gcc/arm-none-eabi/13.2.1/thumb/v6-m/nofp\libg.a(libc_a-strlen-stub.o)
                0x100047ec                strlen
 .text._malloc_trim_r
                0x10004848       0xb4 C:/Users/karen/.pico-sdk/toolchain/13_2_Rel1/bin/../lib/gcc/arm-none-eabi/13.2.1/thumb/v6-m/nofp\libg.a(libc_a-freer.o)
                0x10004848                _malloc_trim_r
 .text._free_r  0x100048fc      0x1d4 C:/Users/karen/.pico-sdk/toolchain/13_2_Rel1/bin/../lib/gcc/arm-none-eabi/13.2.1/thumb/v6-m/nofp\libg.a(libc_a-freer.o)
                0x100048fc                _free_r
 *(.fini)
 .fini          0x10004ad0        0x4 C:/Users/karen/.pico-sdk/toolchain/13_2_Rel1/bin/../lib/gcc/arm-none-eabi/13.2.1/thumb/v6-m/nofp/crti.o
                0x10004ad0                _fini
 *fill*         0x10004ad4        0x4 
 .fini.__stub   0x10004ad8       0x40 linker stubs
 *crtbegin.o(.ctors)
 *crtbegin?.o(.ctors)
 *(EXCLUDE_FILE(*crtend.o *crtend?.o) .ctors)
 *(SORT_BY_NAME(.ctors.*))
 *(.ctors)
 *crtbegin.o(.dtors)
 *crtbegin?.o(.dtors)
 *(EXCLUDE_FILE(*crtend.o *crtend?.o) .dtors)
 *(SORT_BY_NAME(.dtors.*))
 *(.dtors)
 *(.eh_frame*)
 .eh_frame      0x10004b18        0x0 C:/Users/karen/.pico-sdk/toolchain/13_2_Rel1/bin/../lib/gcc/arm-none-eabi/13.2.1/thumb/v6-m/nofp/crtbegin.o
                0x10004b18                        . = ALIGN (0x4)

.glue_7         0x10004b18        0x0
 .glue_7        0x10004b18        0x0 linker stubs

.glue_7t        0x10004b18        0x0
 .glue_7t       0x10004b18        0x0 linker stubs

.vfp11_veneer   0x10004b18        0x0
 .vfp11_veneer  0x10004b18        0x0 linker stubs

.v4_bx          0x10004b18        0x0
 .v4_bx         0x10004b18        0x0 linker stubs

.iplt           0x10004b18        0x0
 .iplt          0x10004b18        0x0 C:/Users/karen/.pico-sdk/toolchain/13_2_Rel1/bin/../lib/gcc/arm-none-eabi/13.2.1/thumb/v6-m/nofp/crtbegin.o

.rodata         0x10004b18     0x1154
 *(EXCLUDE_FILE(*libm.a: *libc.a:*lib_a-mem*.o *libgcc.a:) .rodata*)
 .rodata.main.str1.4
                0x10004b18      0xa81 CMakeFiles/Joystick_1.dir/Joystick_1.c.obj
                                 0x27 (size before relaxing)
 *fill*         0x10005599        0x3 
 .rodata.font   0x1000559c      0x128 CMakeFiles/Joystick_1.dir/inc/ssd1306_i2c.c.obj
 .rodata        0x100056c4       0x1a CMakeFiles/Joystick_1.dir/inc/ssd1306_i2c.c.obj
 .rodata.resolve_branch.str1.4
                0x100056de       0x5d CMakeFiles/Joystick_1.dir/C_/Users/karen/.pico-sdk/sdk/1.5.1/src/rp2_common/hardware_irq/irq.c.obj
 .rodata.make_branch.str1.4
                0x100056de       0x30 CMakeFiles/Joystick_1.dir/C_/Users/karen/.pico-sdk/sdk/1.5.1/src/rp2_common/hardware_irq/irq.c.obj
 .rodata.insert_branch_and_link.str1.4
                0x100056de       0x10 CMakeFiles/Joystick_1.dir/C_/Users/karen/.pico-sdk/sdk/1.5.1/src/rp2_common/hardware_irq/irq.c.obj
 .rodata.irq_set_exclusive_handler.str1.4
                0x100056de       0x36 CMakeFiles/Joystick_1.dir/C_/Users/karen/.pico-sdk/sdk/1.5.1/src/rp2_common/hardware_irq/irq.c.obj
 .rodata.irq_remove_handler.str1.4
                0x100056de       0x3a CMakeFiles/Joystick_1.dir/C_/Users/karen/.pico-sdk/sdk/1.5.1/src/rp2_common/hardware_irq/irq.c.obj
 .rodata.irq_add_tail_to_free_list.str1.4
                0x100056de       0x3a CMakeFiles/Joystick_1.dir/C_/Users/karen/.pico-sdk/sdk/1.5.1/src/rp2_common/hardware_irq/irq.c.obj
 *fill*         0x100056de        0x2 
 .rodata.__func__.0
                0x100056e0       0x1a CMakeFiles/Joystick_1.dir/C_/Users/karen/.pico-sdk/sdk/1.5.1/src/rp2_common/hardware_irq/irq.c.obj
 *fill*         0x100056fa        0x2 
 .rodata.__func__.1
                0x100056fc       0x17 CMakeFiles/Joystick_1.dir/C_/Users/karen/.pico-sdk/sdk/1.5.1/src/rp2_common/hardware_irq/irq.c.obj
 *fill*         0x10005713        0x1 
 .rodata.__func__.2
                0x10005714       0x13 CMakeFiles/Joystick_1.dir/C_/Users/karen/.pico-sdk/sdk/1.5.1/src/rp2_common/hardware_irq/irq.c.obj
 *fill*         0x10005727        0x1 
 .rodata.__func__.3
                0x10005728        0xc CMakeFiles/Joystick_1.dir/C_/Users/karen/.pico-sdk/sdk/1.5.1/src/rp2_common/hardware_irq/irq.c.obj
 .rodata.__func__.4
                0x10005734        0xf CMakeFiles/Joystick_1.dir/C_/Users/karen/.pico-sdk/sdk/1.5.1/src/rp2_common/hardware_irq/irq.c.obj
 *fill*         0x10005743        0x1 
 .rodata.__func__.6
                0x10005744       0x1a CMakeFiles/Joystick_1.dir/C_/Users/karen/.pico-sdk/sdk/1.5.1/src/rp2_common/hardware_irq/irq.c.obj
 .rodata.str1.4
                0x1000575e       0x91 CMakeFiles/Joystick_1.dir/C_/Users/karen/.pico-sdk/sdk/1.5.1/src/common/pico_sync/mutex.c.obj
 *fill*         0x1000575e        0x2 
 .rodata.__func__.1
                0x10005760        0xb CMakeFiles/Joystick_1.dir/C_/Users/karen/.pico-sdk/sdk/1.5.1/src/common/pico_sync/mutex.c.obj
 *fill*         0x1000576b        0x1 
 .rodata.__func__.3
                0x1000576c       0x18 CMakeFiles/Joystick_1.dir/C_/Users/karen/.pico-sdk/sdk/1.5.1/src/common/pico_sync/mutex.c.obj
 .rodata.get_entry.str1.4
                0x10005784       0x63 CMakeFiles/Joystick_1.dir/C_/Users/karen/.pico-sdk/sdk/1.5.1/src/common/pico_time/time.c.obj
 .rodata.update_us_since_boot.str1.4
                0x10005784       0x69 CMakeFiles/Joystick_1.dir/C_/Users/karen/.pico-sdk/sdk/1.5.1/src/common/pico_time/time.c.obj
 .rodata.ph_get_node.str1.4
                0x10005784       0x6e CMakeFiles/Joystick_1.dir/C_/Users/karen/.pico-sdk/sdk/1.5.1/src/common/pico_time/time.c.obj
 .rodata.ph_add_child_node.str1.4
                0x10005784       0x2e CMakeFiles/Joystick_1.dir/C_/Users/karen/.pico-sdk/sdk/1.5.1/src/common/pico_time/time.c.obj
 .rodata.ph_insert_node.str1.4
                0x10005784        0x3 CMakeFiles/Joystick_1.dir/C_/Users/karen/.pico-sdk/sdk/1.5.1/src/common/pico_time/time.c.obj
 .rodata.ph_free_node.str1.4
                0x10005784       0x38 CMakeFiles/Joystick_1.dir/C_/Users/karen/.pico-sdk/sdk/1.5.1/src/common/pico_time/time.c.obj
 .rodata.add_alarm_under_lock.str1.4
                0x10005784       0x28 CMakeFiles/Joystick_1.dir/C_/Users/karen/.pico-sdk/sdk/1.5.1/src/common/pico_time/time.c.obj
 .rodata.alarm_pool_alarm_callback.str1.4
                0x10005784       0x60 CMakeFiles/Joystick_1.dir/C_/Users/karen/.pico-sdk/sdk/1.5.1/src/common/pico_time/time.c.obj
 .rodata.alarm_pool_get_default.str1.4
                0x10005784       0x21 CMakeFiles/Joystick_1.dir/C_/Users/karen/.pico-sdk/sdk/1.5.1/src/common/pico_time/time.c.obj
 .rodata.alarm_pool_cancel_alarm.str1.4
                0x10005784       0x27 CMakeFiles/Joystick_1.dir/C_/Users/karen/.pico-sdk/sdk/1.5.1/src/common/pico_time/time.c.obj
 .rodata.sleep_until.str1.4
                0x10005784       0x4d CMakeFiles/Joystick_1.dir/C_/Users/karen/.pico-sdk/sdk/1.5.1/src/common/pico_time/time.c.obj
 .rodata.__func__.1
                0x10005784       0x18 CMakeFiles/Joystick_1.dir/C_/Users/karen/.pico-sdk/sdk/1.5.1/src/common/pico_time/time.c.obj
 .rodata.__func__.3
                0x1000579c       0x17 CMakeFiles/Joystick_1.dir/C_/Users/karen/.pico-sdk/sdk/1.5.1/src/common/pico_time/time.c.obj
 *fill*         0x100057b3        0x1 
 .rodata.__func__.4
                0x100057b4       0x12 CMakeFiles/Joystick_1.dir/C_/Users/karen/.pico-sdk/sdk/1.5.1/src/common/pico_time/time.c.obj
 *fill*         0x100057c6        0x2 
 .rodata.__func__.5
                0x100057c8        0xd CMakeFiles/Joystick_1.dir/C_/Users/karen/.pico-sdk/sdk/1.5.1/src/common/pico_time/time.c.obj
 *fill*         0x100057d5        0x3 
 .rodata.__func__.6
                0x100057d8       0x12 CMakeFiles/Joystick_1.dir/C_/Users/karen/.pico-sdk/sdk/1.5.1/src/common/pico_time/time.c.obj
 *fill*         0x100057ea        0x2 
 .rodata.__func__.7
                0x100057ec        0xf CMakeFiles/Joystick_1.dir/C_/Users/karen/.pico-sdk/sdk/1.5.1/src/common/pico_time/time.c.obj
 *fill*         0x100057fb        0x1 
 .rodata.__func__.8
                0x100057fc        0xc CMakeFiles/Joystick_1.dir/C_/Users/karen/.pico-sdk/sdk/1.5.1/src/common/pico_time/time.c.obj
 .rodata.__func__.9
                0x10005808       0x15 CMakeFiles/Joystick_1.dir/C_/Users/karen/.pico-sdk/sdk/1.5.1/src/common/pico_time/time.c.obj
 *fill*         0x1000581d        0x3 
 .rodata.__func__.10
                0x10005820       0x15 CMakeFiles/Joystick_1.dir/C_/Users/karen/.pico-sdk/sdk/1.5.1/src/common/pico_time/time.c.obj
 *fill*         0x10005835        0x3 
 .rodata.__func__.11
                0x10005838       0x1a CMakeFiles/Joystick_1.dir/C_/Users/karen/.pico-sdk/sdk/1.5.1/src/common/pico_time/time.c.obj
 *fill*         0x10005852        0x2 
 .rodata.__func__.12
                0x10005854        0xa CMakeFiles/Joystick_1.dir/C_/Users/karen/.pico-sdk/sdk/1.5.1/src/common/pico_time/time.c.obj
 .rodata.hardware_alarm_claim.str1.4
                0x1000585e       0x22 CMakeFiles/Joystick_1.dir/C_/Users/karen/.pico-sdk/sdk/1.5.1/src/rp2_common/hardware_timer/timer.c.obj
 .rodata.hardware_alarm_set_target.str1.4
                0x1000585e       0x6d CMakeFiles/Joystick_1.dir/C_/Users/karen/.pico-sdk/sdk/1.5.1/src/rp2_common/hardware_timer/timer.c.obj
 *fill*         0x1000585e        0x2 
 .rodata.__func__.0
                0x10005860       0x1a CMakeFiles/Joystick_1.dir/C_/Users/karen/.pico-sdk/sdk/1.5.1/src/rp2_common/hardware_timer/timer.c.obj
 .rodata.ph_get_node.str1.4
                0x1000587a       0x6e CMakeFiles/Joystick_1.dir/C_/Users/karen/.pico-sdk/sdk/1.5.1/src/common/pico_util/pheap.c.obj
 .rodata.ph_add_child_node.str1.4
                0x1000587a       0x2e CMakeFiles/Joystick_1.dir/C_/Users/karen/.pico-sdk/sdk/1.5.1/src/common/pico_util/pheap.c.obj
 .rodata.ph_remove_any_head.str1.4
                0x1000587a       0xa8 CMakeFiles/Joystick_1.dir/C_/Users/karen/.pico-sdk/sdk/1.5.1/src/common/pico_util/pheap.c.obj
 .rodata.ph_remove_and_free_node.str1.4
                0x1000587a       0x26 CMakeFiles/Joystick_1.dir/C_/Users/karen/.pico-sdk/sdk/1.5.1/src/common/pico_util/pheap.c.obj
 *fill*         0x1000587a        0x2 
 .rodata.__func__.0
                0x1000587c       0x18 CMakeFiles/Joystick_1.dir/C_/Users/karen/.pico-sdk/sdk/1.5.1/src/common/pico_util/pheap.c.obj
 .rodata.__func__.1
                0x10005894       0x13 CMakeFiles/Joystick_1.dir/C_/Users/karen/.pico-sdk/sdk/1.5.1/src/common/pico_util/pheap.c.obj
 *fill*         0x100058a7        0x1 
 .rodata.__func__.2
                0x100058a8       0x12 CMakeFiles/Joystick_1.dir/C_/Users/karen/.pico-sdk/sdk/1.5.1/src/common/pico_util/pheap.c.obj
 *fill*         0x100058ba        0x2 
 .rodata.__func__.3
                0x100058bc        0xc CMakeFiles/Joystick_1.dir/C_/Users/karen/.pico-sdk/sdk/1.5.1/src/common/pico_util/pheap.c.obj
 .rodata.clock_configure.str1.4
                0x100058c8       0x5f CMakeFiles/Joystick_1.dir/C_/Users/karen/.pico-sdk/sdk/1.5.1/src/rp2_common/hardware_clocks/clocks.c.obj
 .rodata.__func__.1
                0x100058c8       0x10 CMakeFiles/Joystick_1.dir/C_/Users/karen/.pico-sdk/sdk/1.5.1/src/rp2_common/hardware_clocks/clocks.c.obj
 .rodata.pll_init.str1.4
                0x100058d8      0x12c CMakeFiles/Joystick_1.dir/C_/Users/karen/.pico-sdk/sdk/1.5.1/src/rp2_common/hardware_pll/pll.c.obj
 .rodata.__func__.0
                0x100058d8        0x9 CMakeFiles/Joystick_1.dir/C_/Users/karen/.pico-sdk/sdk/1.5.1/src/rp2_common/hardware_pll/pll.c.obj
 .rodata.__assert_func.str1.4
                0x100058e1       0x43 CMakeFiles/Joystick_1.dir/C_/Users/karen/.pico-sdk/sdk/1.5.1/src/rp2_common/pico_runtime/runtime.c.obj
 .rodata.runtime_init.str1.4
                0x100058e1       0x69 CMakeFiles/Joystick_1.dir/C_/Users/karen/.pico-sdk/sdk/1.5.1/src/rp2_common/pico_runtime/runtime.c.obj
 .rodata.panic.str1.4
                0x100058e1       0x12 CMakeFiles/Joystick_1.dir/C_/Users/karen/.pico-sdk/sdk/1.5.1/src/rp2_common/pico_runtime/runtime.c.obj
 *fill*         0x100058e1        0x3 
 .rodata.__func__.2
                0x100058e4        0xd CMakeFiles/Joystick_1.dir/C_/Users/karen/.pico-sdk/sdk/1.5.1/src/rp2_common/pico_runtime/runtime.c.obj
 .rodata._ftoa.str1.4
                0x100058f1       0x15 CMakeFiles/Joystick_1.dir/C_/Users/karen/.pico-sdk/sdk/1.5.1/src/rp2_common/pico_printf/printf.c.obj
 *fill*         0x100058f1        0x3 
 .rodata._vsnprintf
                0x100058f4      0x19c CMakeFiles/Joystick_1.dir/C_/Users/karen/.pico-sdk/sdk/1.5.1/src/rp2_common/pico_printf/printf.c.obj
 .rodata.pow10.0
                0x10005a90       0x50 CMakeFiles/Joystick_1.dir/C_/Users/karen/.pico-sdk/sdk/1.5.1/src/rp2_common/pico_printf/printf.c.obj
 .rodata.missing_double_func_shim.str1.4
                0x10005ae0       0x18 CMakeFiles/Joystick_1.dir/C_/Users/karen/.pico-sdk/sdk/1.5.1/src/rp2_common/pico_double/double_init_rom.c.obj
 .rodata.__aeabi_double_init.str1.4
                0x10005ae0       0xa4 CMakeFiles/Joystick_1.dir/C_/Users/karen/.pico-sdk/sdk/1.5.1/src/rp2_common/pico_double/double_init_rom.c.obj
 .rodata.__func__.0
                0x10005ae0       0x14 CMakeFiles/Joystick_1.dir/C_/Users/karen/.pico-sdk/sdk/1.5.1/src/rp2_common/pico_double/double_init_rom.c.obj
 .rodata.missing_float_func_shim.str1.4
                0x10005af4        0x1 CMakeFiles/Joystick_1.dir/C_/Users/karen/.pico-sdk/sdk/1.5.1/src/rp2_common/pico_float/float_init_rom.c.obj
 .rodata.__aeabi_float_init.str1.4
                0x10005af4       0x82 CMakeFiles/Joystick_1.dir/C_/Users/karen/.pico-sdk/sdk/1.5.1/src/rp2_common/pico_float/float_init_rom.c.obj
 .rodata.__func__.0
                0x10005af4       0x13 CMakeFiles/Joystick_1.dir/C_/Users/karen/.pico-sdk/sdk/1.5.1/src/rp2_common/pico_float/float_init_rom.c.obj
 .rodata.check_alloc.str1.4
                0x10005b07        0xe CMakeFiles/Joystick_1.dir/C_/Users/karen/.pico-sdk/sdk/1.5.1/src/rp2_common/pico_malloc/pico_malloc.c.obj
 .rodata.str1.4
                0x10005b07       0x44 CMakeFiles/Joystick_1.dir/C_/Users/karen/.pico-sdk/sdk/1.5.1/src/rp2_common/pico_standard_link/binary_info.c.obj
 *fill*         0x10005b07        0x1 
 .rodata.__bi_81
                0x10005b08        0xc CMakeFiles/Joystick_1.dir/C_/Users/karen/.pico-sdk/sdk/1.5.1/src/rp2_common/pico_standard_link/binary_info.c.obj
 .rodata.__bi_75
                0x10005b14        0xc CMakeFiles/Joystick_1.dir/C_/Users/karen/.pico-sdk/sdk/1.5.1/src/rp2_common/pico_standard_link/binary_info.c.obj
 .rodata.__bi_56
                0x10005b20        0xc CMakeFiles/Joystick_1.dir/C_/Users/karen/.pico-sdk/sdk/1.5.1/src/rp2_common/pico_standard_link/binary_info.c.obj
 .rodata.__bi_44
                0x10005b2c        0xc CMakeFiles/Joystick_1.dir/C_/Users/karen/.pico-sdk/sdk/1.5.1/src/rp2_common/pico_standard_link/binary_info.c.obj
 .rodata.update_us_since_boot.str1.4
                0x10005b38       0x69 CMakeFiles/Joystick_1.dir/C_/Users/karen/.pico-sdk/sdk/1.5.1/src/rp2_common/pico_stdio/stdio.c.obj
 .rodata.crlf_str.2
                0x10005b38        0x2 CMakeFiles/Joystick_1.dir/C_/Users/karen/.pico-sdk/sdk/1.5.1/src/rp2_common/pico_stdio/stdio.c.obj
 *fill*         0x10005b3a        0x2 
 .rodata.__func__.3
                0x10005b3c       0x15 CMakeFiles/Joystick_1.dir/C_/Users/karen/.pico-sdk/sdk/1.5.1/src/rp2_common/pico_stdio/stdio.c.obj
 .rodata.i2c_set_baudrate.str1.4
                0x10005b51       0x65 CMakeFiles/Joystick_1.dir/C_/Users/karen/.pico-sdk/sdk/1.5.1/src/rp2_common/hardware_i2c/i2c.c.obj
 *fill*         0x10005b51        0x3 
 .rodata.__func__.0
                0x10005b54       0x11 CMakeFiles/Joystick_1.dir/C_/Users/karen/.pico-sdk/sdk/1.5.1/src/rp2_common/hardware_i2c/i2c.c.obj
 *fill*         0x10005b65        0x3 
 .rodata._ctype_
                0x10005b68      0x101 C:/Users/karen/.pico-sdk/toolchain/13_2_Rel1/bin/../lib/gcc/arm-none-eabi/13.2.1/thumb/v6-m/nofp\libg.a(libc_a-ctype_.o)
                0x10005b68                _ctype_
                0x10005c6c                        . = ALIGN (0x4)
 *fill*         0x10005c69        0x3 
 *(SORT_BY_ALIGNMENT(SORT_BY_NAME(.flashdata*)))
                0x10005c6c                        . = ALIGN (0x4)

.ARM.extab
 *(.ARM.extab* .gnu.linkonce.armextab.*)
                0x10005c6c                        __exidx_start = .

.ARM.exidx
 *(.ARM.exidx* .gnu.linkonce.armexidx.*)
                0x10005c6c                        __exidx_end = .
                0x10005c6c                        . = ALIGN (0x4)
                0x10005c6c                        __binary_info_start = .

.binary_info    0x10005c6c       0x20
 *(.binary_info.keep.*)
 .binary_info.keep.__bi_ptr81
                0x10005c6c        0x4 CMakeFiles/Joystick_1.dir/C_/Users/karen/.pico-sdk/sdk/1.5.1/src/rp2_common/pico_standard_link/binary_info.c.obj
 .binary_info.keep.__bi_ptr75
                0x10005c70        0x4 CMakeFiles/Joystick_1.dir/C_/Users/karen/.pico-sdk/sdk/1.5.1/src/rp2_common/pico_standard_link/binary_info.c.obj
 .binary_info.keep.__bi_ptr56
                0x10005c74        0x4 CMakeFiles/Joystick_1.dir/C_/Users/karen/.pico-sdk/sdk/1.5.1/src/rp2_common/pico_standard_link/binary_info.c.obj
 .binary_info.keep.__bi_ptr50
                0x10005c78        0x4 CMakeFiles/Joystick_1.dir/C_/Users/karen/.pico-sdk/sdk/1.5.1/src/rp2_common/pico_standard_link/binary_info.c.obj
 .binary_info.keep.__bi_ptr44
                0x10005c7c        0x4 CMakeFiles/Joystick_1.dir/C_/Users/karen/.pico-sdk/sdk/1.5.1/src/rp2_common/pico_standard_link/binary_info.c.obj
 .binary_info.keep.__bi_ptr38
                0x10005c80        0x4 CMakeFiles/Joystick_1.dir/C_/Users/karen/.pico-sdk/sdk/1.5.1/src/rp2_common/pico_standard_link/binary_info.c.obj
 .binary_info.keep.__bi_ptr30
                0x10005c84        0x4 CMakeFiles/Joystick_1.dir/C_/Users/karen/.pico-sdk/sdk/1.5.1/src/rp2_common/pico_standard_link/binary_info.c.obj
 .binary_info.keep.__bi_ptr22
                0x10005c88        0x4 CMakeFiles/Joystick_1.dir/C_/Users/karen/.pico-sdk/sdk/1.5.1/src/rp2_common/pico_standard_link/binary_info.c.obj
 *(.binary_info.*)
                0x10005c8c                        __binary_info_end = .

.rel.dyn        0x10005c8c        0x0
 .rel.iplt      0x10005c8c        0x0 C:/Users/karen/.pico-sdk/toolchain/13_2_Rel1/bin/../lib/gcc/arm-none-eabi/13.2.1/thumb/v6-m/nofp/crtbegin.o
                0x10005c8c                        . = ALIGN (0x4)

.ram_vector_table
                0x20000000       0xc0
 *(.ram_vector_table)
 .ram_vector_table
                0x20000000       0xc0 CMakeFiles/Joystick_1.dir/C_/Users/karen/.pico-sdk/sdk/1.5.1/src/rp2_common/pico_runtime/runtime.c.obj
                0x20000000                ram_vector_table

.data           0x200000c0      0x774 load address 0x10005c8c
                0x200000c0                        __data_start__ = .
 *(vtable)
 *(.time_critical*)
 .time_critical.mutex_try_enter
                0x200000c0       0x46 CMakeFiles/Joystick_1.dir/C_/Users/karen/.pico-sdk/sdk/1.5.1/src/common/pico_sync/mutex.c.obj
                0x200000c0                mutex_try_enter
 *fill*         0x20000106        0x2 
 .time_critical.mutex_enter_block_until
                0x20000108       0x8c CMakeFiles/Joystick_1.dir/C_/Users/karen/.pico-sdk/sdk/1.5.1/src/common/pico_sync/mutex.c.obj
                0x20000108                mutex_enter_block_until
 .time_critical.mutex_try_enter_block_until
                0x20000194       0x34 CMakeFiles/Joystick_1.dir/C_/Users/karen/.pico-sdk/sdk/1.5.1/src/common/pico_sync/mutex.c.obj
                0x20000194                mutex_try_enter_block_until
 .time_critical.mutex_exit
                0x200001c8       0x4c CMakeFiles/Joystick_1.dir/C_/Users/karen/.pico-sdk/sdk/1.5.1/src/common/pico_sync/mutex.c.obj
                0x200001c8                mutex_exit
 *(.text*)
 .text          0x20000214        0x4 C:/Users/karen/.pico-sdk/toolchain/13_2_Rel1/bin/../lib/gcc/arm-none-eabi/13.2.1/thumb/v6-m/nofp\libgcc.a(_dvmd_tls.o)
                0x20000214                __aeabi_idiv0
                0x20000214                __aeabi_ldiv0
 .text.__stub   0x20000218       0x20 linker stubs
                0x20000238                        . = ALIGN (0x4)
 *(.rodata*)
                0x20000238                        . = ALIGN (0x4)
 *(.data*)
 .data.striped_spin_lock_num
                0x20000238        0x1 CMakeFiles/Joystick_1.dir/C_/Users/karen/.pico-sdk/sdk/1.5.1/src/rp2_common/hardware_sync/sync.c.obj
 *fill*         0x20000239        0x3 
 .data          0x2000023c       0x48 CMakeFiles/Joystick_1.dir/C_/Users/karen/.pico-sdk/sdk/1.5.1/src/rp2_common/hardware_irq/irq_handler_chain.S.obj
                0x2000023c                irq_handler_chain_slots
                0x2000026c                irq_handler_chain_first_slot
                0x20000276                irq_handler_chain_remove_tail
 .data.default_alarm_pool
                0x20000284       0x18 CMakeFiles/Joystick_1.dir/C_/Users/karen/.pico-sdk/sdk/1.5.1/src/common/pico_time/time.c.obj
 .data.default_alarm_pool_heap
                0x2000029c       0x10 CMakeFiles/Joystick_1.dir/C_/Users/karen/.pico-sdk/sdk/1.5.1/src/common/pico_time/time.c.obj
 *fill*         0x200002ac        0x4 
 .data.aeabi_bits_funcs
                0x200002b0       0x10 CMakeFiles/Joystick_1.dir/C_/Users/karen/.pico-sdk/sdk/1.5.1/src/rp2_common/pico_bit_ops/bit_ops_aeabi.S.obj
                0x200002b0                aeabi_bits_funcs
                0x200002c0                aeabi_bits_funcs_end
 .data.aeabi_mem_funcs
                0x200002c0       0x10 CMakeFiles/Joystick_1.dir/C_/Users/karen/.pico-sdk/sdk/1.5.1/src/rp2_common/pico_mem_ops/mem_ops_aeabi.S.obj
                0x200002c0                aeabi_mem_funcs
                0x200002d0                aeabi_mem_funcs_end
 .data.i2c1_inst
                0x200002d0        0x8 CMakeFiles/Joystick_1.dir/C_/Users/karen/.pico-sdk/sdk/1.5.1/src/rp2_common/hardware_i2c/i2c.c.obj
                0x200002d0                i2c1_inst
 .data.i2c0_inst
                0x200002d8        0x8 CMakeFiles/Joystick_1.dir/C_/Users/karen/.pico-sdk/sdk/1.5.1/src/rp2_common/hardware_i2c/i2c.c.obj
                0x200002d8                i2c0_inst
 .data.__malloc_sbrk_base
                0x200002e0        0x4 C:/Users/karen/.pico-sdk/toolchain/13_2_Rel1/bin/../lib/gcc/arm-none-eabi/13.2.1/thumb/v6-m/nofp\libg.a(libc_a-mallocr.o)
                0x200002e0                __malloc_sbrk_base
 .data.__malloc_trim_threshold
                0x200002e4        0x4 C:/Users/karen/.pico-sdk/toolchain/13_2_Rel1/bin/../lib/gcc/arm-none-eabi/13.2.1/thumb/v6-m/nofp\libg.a(libc_a-mallocr.o)
                0x200002e4                __malloc_trim_threshold
 .data.__malloc_av_
                0x200002e8      0x408 C:/Users/karen/.pico-sdk/toolchain/13_2_Rel1/bin/../lib/gcc/arm-none-eabi/13.2.1/thumb/v6-m/nofp\libg.a(libc_a-mallocr.o)
                0x200002e8                __malloc_av_
 .data._impure_ptr
                0x200006f0        0x4 C:/Users/karen/.pico-sdk/toolchain/13_2_Rel1/bin/../lib/gcc/arm-none-eabi/13.2.1/thumb/v6-m/nofp\libg.a(libc_a-impure.o)
                0x200006f0                _impure_ptr
 *fill*         0x200006f4        0x4 
 .data._impure_data
                0x200006f8      0x120 C:/Users/karen/.pico-sdk/toolchain/13_2_Rel1/bin/../lib/gcc/arm-none-eabi/13.2.1/thumb/v6-m/nofp\libg.a(libc_a-impure.o)
                0x200006f8                _impure_data
                0x20000818                        . = ALIGN (0x4)
 *(.after_data.*)
                0x20000818                        . = ALIGN (0x4)
                0x20000818                        PROVIDE (__mutex_array_start = .)
 *(SORT_BY_NAME(.mutex_array.*))
 *(.mutex_array)
 .mutex_array   0x20000818        0x8 CMakeFiles/Joystick_1.dir/C_/Users/karen/.pico-sdk/sdk/1.5.1/src/rp2_common/pico_stdio/stdio.c.obj
                0x20000820                        PROVIDE (__mutex_array_end = .)
                0x20000820                        . = ALIGN (0x4)
                0x20000820                        PROVIDE (__preinit_array_start = .)
 *(SORT_BY_NAME(.preinit_array.*))
 .preinit_array.00001
                0x20000820        0x4 CMakeFiles/Joystick_1.dir/C_/Users/karen/.pico-sdk/sdk/1.5.1/src/rp2_common/pico_mem_ops/mem_ops_aeabi.S.obj
 .preinit_array.00010
                0x20000824        0x4 CMakeFiles/Joystick_1.dir/C_/Users/karen/.pico-sdk/sdk/1.5.1/src/rp2_common/pico_bit_ops/bit_ops_aeabi.S.obj
 .preinit_array.00020
                0x20000828        0x4 CMakeFiles/Joystick_1.dir/C_/Users/karen/.pico-sdk/sdk/1.5.1/src/rp2_common/pico_double/double_aeabi.S.obj
 .preinit_array.00020
                0x2000082c        0x4 CMakeFiles/Joystick_1.dir/C_/Users/karen/.pico-sdk/sdk/1.5.1/src/rp2_common/pico_float/float_aeabi.S.obj
 *(.preinit_array)
                0x20000830                        PROVIDE (__preinit_array_end = .)
                0x20000830                        . = ALIGN (0x4)
                0x20000830                        PROVIDE (__init_array_start = .)
 *(SORT_BY_NAME(.init_array.*))
 *(.init_array)
 .init_array    0x20000830        0x4 C:/Users/karen/.pico-sdk/toolchain/13_2_Rel1/bin/../lib/gcc/arm-none-eabi/13.2.1/thumb/v6-m/nofp/crtbegin.o
                0x20000834                        PROVIDE (__init_array_end = .)
                0x20000834                        . = ALIGN (0x4)
                [!provide]                        PROVIDE (__fini_array_start = .)
 *(SORT_BY_NAME(.fini_array.*))
 *(.fini_array)
                [!provide]                        PROVIDE (__fini_array_end = .)
 *(.jcr)
                0x20000834                        . = ALIGN (0x4)
                0x20000834                        __data_end__ = .
                0x10005c8c                        __etext = LOADADDR (.data)

.tm_clone_table
                0x20000834        0x0 load address 0x10006400
 .tm_clone_table
                0x20000834        0x0 C:/Users/karen/.pico-sdk/toolchain/13_2_Rel1/bin/../lib/gcc/arm-none-eabi/13.2.1/thumb/v6-m/nofp/crtbegin.o
 .tm_clone_table
                0x20000834        0x0 C:/Users/karen/.pico-sdk/toolchain/13_2_Rel1/bin/../lib/gcc/arm-none-eabi/13.2.1/thumb/v6-m/nofp/crtend.o

.igot.plt       0x20000834        0x0 load address 0x10006400
 .igot.plt      0x20000834        0x0 C:/Users/karen/.pico-sdk/toolchain/13_2_Rel1/bin/../lib/gcc/arm-none-eabi/13.2.1/thumb/v6-m/nofp/crtbegin.o

.uninitialized_data
                0x20000834        0x0 load address 0x10006400
                0x20000834                        . = ALIGN (0x4)
 *(.uninitialized_data*)

.scratch_x      0x20040000        0x0 load address 0x10006400
                0x20040000                        __scratch_x_start__ = .
 *(.scratch_x.*)
                0x20040000                        . = ALIGN (0x4)
                0x20040000                        __scratch_x_end__ = .
                0x10006400                        __scratch_x_source__ = LOADADDR (.scratch_x)

.scratch_y      0x20041000        0x0 load address 0x10006400
                0x20041000                        __scratch_y_start__ = .
 *(.scratch_y.*)
                0x20041000                        . = ALIGN (0x4)
                0x20041000                        __scratch_y_end__ = .
                0x10006400                        __scratch_y_source__ = LOADADDR (.scratch_y)

.bss            0x20000838      0x53c
                0x20000838                        . = ALIGN (0x4)
                0x20000838                        __bss_start__ = .
 *(SORT_BY_ALIGNMENT(SORT_BY_NAME(.bss*)))
 .bss.default_alarm_pool_entries
                0x20000838      0x100 CMakeFiles/Joystick_1.dir/C_/Users/karen/.pico-sdk/sdk/1.5.1/src/common/pico_time/time.c.obj
 .bss.__lock___malloc_recursive_mutex
                0x20000938        0x1 C:/Users/karen/.pico-sdk/toolchain/13_2_Rel1/bin/../lib/gcc/arm-none-eabi/13.2.1/thumb/v6-m/nofp\libg.a(libc_a-lock.o)
                0x20000938                __lock___malloc_recursive_mutex
 *fill*         0x20000939        0x3 
 .bss.__malloc_current_mallinfo
                0x2000093c       0x28 C:/Users/karen/.pico-sdk/toolchain/13_2_Rel1/bin/../lib/gcc/arm-none-eabi/13.2.1/thumb/v6-m/nofp\libg.a(libc_a-mallocr.o)
                0x2000093c                __malloc_current_mallinfo
 .bss.__malloc_max_sbrked_mem
                0x20000964        0x4 C:/Users/karen/.pico-sdk/toolchain/13_2_Rel1/bin/../lib/gcc/arm-none-eabi/13.2.1/thumb/v6-m/nofp\libg.a(libc_a-mallocr.o)
                0x20000964                __malloc_max_sbrked_mem
 .bss.__malloc_max_total_mem
                0x20000968        0x4 C:/Users/karen/.pico-sdk/toolchain/13_2_Rel1/bin/../lib/gcc/arm-none-eabi/13.2.1/thumb/v6-m/nofp\libg.a(libc_a-mallocr.o)
                0x20000968                __malloc_max_total_mem
 .bss.__malloc_top_pad
                0x2000096c        0x4 C:/Users/karen/.pico-sdk/toolchain/13_2_Rel1/bin/../lib/gcc/arm-none-eabi/13.2.1/thumb/v6-m/nofp\libg.a(libc_a-mallocr.o)
                0x2000096c                __malloc_top_pad
 .bss.__sf      0x20000970      0x138 C:/Users/karen/.pico-sdk/toolchain/13_2_Rel1/bin/../lib/gcc/arm-none-eabi/13.2.1/thumb/v6-m/nofp\libg.a(libc_a-findfp.o)
                0x20000970                __sf
 .bss.alarm_callbacks
                0x20000aa8       0x10 CMakeFiles/Joystick_1.dir/C_/Users/karen/.pico-sdk/sdk/1.5.1/src/rp2_common/hardware_timer/timer.c.obj
 .bss.configured_freq
                0x20000ab8       0x28 CMakeFiles/Joystick_1.dir/C_/Users/karen/.pico-sdk/sdk/1.5.1/src/rp2_common/hardware_clocks/clocks.c.obj
 .bss.default_alarm_pool_entry_ids_high
                0x20000ae0       0x10 CMakeFiles/Joystick_1.dir/C_/Users/karen/.pico-sdk/sdk/1.5.1/src/common/pico_time/time.c.obj
 .bss.default_alarm_pool_heap_nodes
                0x20000af0       0x30 CMakeFiles/Joystick_1.dir/C_/Users/karen/.pico-sdk/sdk/1.5.1/src/common/pico_time/time.c.obj
 .bss.drivers   0x20000b20        0x4 CMakeFiles/Joystick_1.dir/C_/Users/karen/.pico-sdk/sdk/1.5.1/src/rp2_common/pico_stdio/stdio.c.obj
 .bss.errno     0x20000b24        0x4 C:/Users/karen/.pico-sdk/toolchain/13_2_Rel1/bin/../lib/gcc/arm-none-eabi/13.2.1/thumb/v6-m/nofp\libg.a(libc_a-reent.o)
                0x20000b24                errno
 .bss.filter    0x20000b28        0x4 CMakeFiles/Joystick_1.dir/C_/Users/karen/.pico-sdk/sdk/1.5.1/src/rp2_common/pico_stdio/stdio.c.obj
 .bss.heap_end.1
                0x20000b2c        0x4 CMakeFiles/Joystick_1.dir/C_/Users/karen/.pico-sdk/sdk/1.5.1/src/rp2_common/pico_runtime/runtime.c.obj
 .bss.object.0  0x20000b30       0x18 C:/Users/karen/.pico-sdk/toolchain/13_2_Rel1/bin/../lib/gcc/arm-none-eabi/13.2.1/thumb/v6-m/nofp/crtbegin.o
 .bss.pools     0x20000b48       0x10 CMakeFiles/Joystick_1.dir/C_/Users/karen/.pico-sdk/sdk/1.5.1/src/common/pico_time/time.c.obj
 .bss.sd_table  0x20000b58      0x100 CMakeFiles/Joystick_1.dir/C_/Users/karen/.pico-sdk/sdk/1.5.1/src/rp2_common/pico_double/double_init_rom.c.obj
                0x20000b58                sd_table
 .bss.sf_clz_func
                0x20000c58        0x4 CMakeFiles/Joystick_1.dir/C_/Users/karen/.pico-sdk/sdk/1.5.1/src/rp2_common/pico_double/double_init_rom.c.obj
                0x20000c58                sf_clz_func
 .bss.sf_table  0x20000c5c      0x100 CMakeFiles/Joystick_1.dir/C_/Users/karen/.pico-sdk/sdk/1.5.1/src/rp2_common/pico_float/float_init_rom.c.obj
                0x20000c5c                sf_table
 .bss.sleep_notifier
                0x20000d5c        0x4 CMakeFiles/Joystick_1.dir/C_/Users/karen/.pico-sdk/sdk/1.5.1/src/common/pico_time/time.c.obj
 .bss.target_hi
                0x20000d60       0x10 CMakeFiles/Joystick_1.dir/C_/Users/karen/.pico-sdk/sdk/1.5.1/src/rp2_common/hardware_timer/timer.c.obj
 .bss.claimed   0x20000d70        0x1 CMakeFiles/Joystick_1.dir/C_/Users/karen/.pico-sdk/sdk/1.5.1/src/rp2_common/hardware_timer/timer.c.obj
 .bss.irq_hander_chain_free_slot_head
                0x20000d71        0x1 CMakeFiles/Joystick_1.dir/C_/Users/karen/.pico-sdk/sdk/1.5.1/src/rp2_common/hardware_irq/irq.c.obj
 .bss.timer_callbacks_pending
                0x20000d72        0x1 CMakeFiles/Joystick_1.dir/C_/Users/karen/.pico-sdk/sdk/1.5.1/src/rp2_common/hardware_timer/timer.c.obj
 *(COMMON)
                0x20000d74                        . = ALIGN (0x4)
 *fill*         0x20000d73        0x1 
                0x20000d74                        __bss_end__ = .

.heap           0x20000d74      0x800
                0x20000d74                        __end__ = .
                0x20000d74                        end = __end__
 *(.heap*)
 .heap          0x20000d74      0x800 CMakeFiles/Joystick_1.dir/C_/Users/karen/.pico-sdk/sdk/1.5.1/src/rp2_common/pico_standard_link/crt0.S.obj
                0x20001574                        __HeapLimit = .

.stack1_dummy
 *(.stack1*)

.stack_dummy    0x20041000      0x800
 *(.stack*)
 .stack         0x20041000      0x800 CMakeFiles/Joystick_1.dir/C_/Users/karen/.pico-sdk/sdk/1.5.1/src/rp2_common/pico_standard_link/crt0.S.obj

.flash_end      0x10006400        0x0
                0x10006400                        PROVIDE (__flash_binary_end = .)
                0x20040000                        __StackLimit = (ORIGIN (RAM) + LENGTH (RAM))
                0x20041000                        __StackOneTop = (ORIGIN (SCRATCH_X) + LENGTH (SCRATCH_X))
                0x20042000                        __StackTop = (ORIGIN (SCRATCH_Y) + LENGTH (SCRATCH_Y))
                0x20041000                        __StackOneBottom = (__StackOneTop - SIZEOF (.stack1_dummy))
                0x20041800                        __StackBottom = (__StackTop - SIZEOF (.stack_dummy))
                0x20042000                        PROVIDE (__stack = __StackTop)
                0x00000001                        ASSERT ((__StackLimit >= __HeapLimit), region RAM overflowed)
                0x00000001                        ASSERT (((__binary_info_header_end - __logical_binary_start) <= 0x100), Binary info must be in first 256 bytes of the binary)
LOAD CMakeFiles/Joystick_1.dir/Joystick_1.c.obj
LOAD CMakeFiles/Joystick_1.dir/inc/ssd1306_i2c.c.obj
LOAD CMakeFiles/Joystick_1.dir/C_/Users/karen/.pico-sdk/sdk/1.5.1/src/rp2_common/pico_stdlib/stdlib.c.obj
LOAD CMakeFiles/Joystick_1.dir/C_/Users/karen/.pico-sdk/sdk/1.5.1/src/rp2_common/hardware_gpio/gpio.c.obj
LOAD CMakeFiles/Joystick_1.dir/C_/Users/karen/.pico-sdk/sdk/1.5.1/src/rp2_common/pico_platform/platform.c.obj
LOAD CMakeFiles/Joystick_1.dir/C_/Users/karen/.pico-sdk/sdk/1.5.1/src/rp2_common/hardware_claim/claim.c.obj
LOAD CMakeFiles/Joystick_1.dir/C_/Users/karen/.pico-sdk/sdk/1.5.1/src/rp2_common/hardware_sync/sync.c.obj
LOAD CMakeFiles/Joystick_1.dir/C_/Users/karen/.pico-sdk/sdk/1.5.1/src/rp2_common/hardware_irq/irq.c.obj
LOAD CMakeFiles/Joystick_1.dir/C_/Users/karen/.pico-sdk/sdk/1.5.1/src/rp2_common/hardware_irq/irq_handler_chain.S.obj
LOAD CMakeFiles/Joystick_1.dir/C_/Users/karen/.pico-sdk/sdk/1.5.1/src/common/pico_sync/sem.c.obj
LOAD CMakeFiles/Joystick_1.dir/C_/Users/karen/.pico-sdk/sdk/1.5.1/src/common/pico_sync/lock_core.c.obj
LOAD CMakeFiles/Joystick_1.dir/C_/Users/karen/.pico-sdk/sdk/1.5.1/src/common/pico_sync/mutex.c.obj
LOAD CMakeFiles/Joystick_1.dir/C_/Users/karen/.pico-sdk/sdk/1.5.1/src/common/pico_sync/critical_section.c.obj
LOAD CMakeFiles/Joystick_1.dir/C_/Users/karen/.pico-sdk/sdk/1.5.1/src/common/pico_time/time.c.obj
LOAD CMakeFiles/Joystick_1.dir/C_/Users/karen/.pico-sdk/sdk/1.5.1/src/common/pico_time/timeout_helper.c.obj
LOAD CMakeFiles/Joystick_1.dir/C_/Users/karen/.pico-sdk/sdk/1.5.1/src/rp2_common/hardware_timer/timer.c.obj
LOAD CMakeFiles/Joystick_1.dir/C_/Users/karen/.pico-sdk/sdk/1.5.1/src/common/pico_util/datetime.c.obj
LOAD CMakeFiles/Joystick_1.dir/C_/Users/karen/.pico-sdk/sdk/1.5.1/src/common/pico_util/pheap.c.obj
LOAD CMakeFiles/Joystick_1.dir/C_/Users/karen/.pico-sdk/sdk/1.5.1/src/common/pico_util/queue.c.obj
LOAD CMakeFiles/Joystick_1.dir/C_/Users/karen/.pico-sdk/sdk/1.5.1/src/rp2_common/hardware_uart/uart.c.obj
LOAD CMakeFiles/Joystick_1.dir/C_/Users/karen/.pico-sdk/sdk/1.5.1/src/rp2_common/hardware_clocks/clocks.c.obj
LOAD CMakeFiles/Joystick_1.dir/C_/Users/karen/.pico-sdk/sdk/1.5.1/src/rp2_common/hardware_pll/pll.c.obj
LOAD CMakeFiles/Joystick_1.dir/C_/Users/karen/.pico-sdk/sdk/1.5.1/src/rp2_common/hardware_vreg/vreg.c.obj
LOAD CMakeFiles/Joystick_1.dir/C_/Users/karen/.pico-sdk/sdk/1.5.1/src/rp2_common/hardware_watchdog/watchdog.c.obj
LOAD CMakeFiles/Joystick_1.dir/C_/Users/karen/.pico-sdk/sdk/1.5.1/src/rp2_common/hardware_xosc/xosc.c.obj
LOAD CMakeFiles/Joystick_1.dir/C_/Users/karen/.pico-sdk/sdk/1.5.1/src/rp2_common/hardware_divider/divider.S.obj
LOAD CMakeFiles/Joystick_1.dir/C_/Users/karen/.pico-sdk/sdk/1.5.1/src/rp2_common/pico_runtime/runtime.c.obj
LOAD CMakeFiles/Joystick_1.dir/C_/Users/karen/.pico-sdk/sdk/1.5.1/src/rp2_common/pico_printf/printf.c.obj
LOAD CMakeFiles/Joystick_1.dir/C_/Users/karen/.pico-sdk/sdk/1.5.1/src/rp2_common/pico_bit_ops/bit_ops_aeabi.S.obj
LOAD CMakeFiles/Joystick_1.dir/C_/Users/karen/.pico-sdk/sdk/1.5.1/src/rp2_common/pico_bootrom/bootrom.c.obj
LOAD CMakeFiles/Joystick_1.dir/C_/Users/karen/.pico-sdk/sdk/1.5.1/src/rp2_common/pico_divider/divider.S.obj
LOAD CMakeFiles/Joystick_1.dir/C_/Users/karen/.pico-sdk/sdk/1.5.1/src/rp2_common/pico_double/double_aeabi.S.obj
LOAD CMakeFiles/Joystick_1.dir/C_/Users/karen/.pico-sdk/sdk/1.5.1/src/rp2_common/pico_double/double_init_rom.c.obj
LOAD CMakeFiles/Joystick_1.dir/C_/Users/karen/.pico-sdk/sdk/1.5.1/src/rp2_common/pico_double/double_math.c.obj
LOAD CMakeFiles/Joystick_1.dir/C_/Users/karen/.pico-sdk/sdk/1.5.1/src/rp2_common/pico_double/double_v1_rom_shim.S.obj
LOAD CMakeFiles/Joystick_1.dir/C_/Users/karen/.pico-sdk/sdk/1.5.1/src/rp2_common/pico_int64_ops/pico_int64_ops_aeabi.S.obj
LOAD CMakeFiles/Joystick_1.dir/C_/Users/karen/.pico-sdk/sdk/1.5.1/src/rp2_common/pico_float/float_aeabi.S.obj
LOAD CMakeFiles/Joystick_1.dir/C_/Users/karen/.pico-sdk/sdk/1.5.1/src/rp2_common/pico_float/float_init_rom.c.obj
LOAD CMakeFiles/Joystick_1.dir/C_/Users/karen/.pico-sdk/sdk/1.5.1/src/rp2_common/pico_float/float_math.c.obj
LOAD CMakeFiles/Joystick_1.dir/C_/Users/karen/.pico-sdk/sdk/1.5.1/src/rp2_common/pico_float/float_v1_rom_shim.S.obj
LOAD CMakeFiles/Joystick_1.dir/C_/Users/karen/.pico-sdk/sdk/1.5.1/src/rp2_common/pico_malloc/pico_malloc.c.obj
LOAD CMakeFiles/Joystick_1.dir/C_/Users/karen/.pico-sdk/sdk/1.5.1/src/rp2_common/pico_mem_ops/mem_ops_aeabi.S.obj
LOAD CMakeFiles/Joystick_1.dir/C_/Users/karen/.pico-sdk/sdk/1.5.1/src/rp2_common/pico_standard_link/crt0.S.obj
LOAD CMakeFiles/Joystick_1.dir/C_/Users/karen/.pico-sdk/sdk/1.5.1/src/rp2_common/pico_standard_link/new_delete.cpp.obj
LOAD CMakeFiles/Joystick_1.dir/C_/Users/karen/.pico-sdk/sdk/1.5.1/src/rp2_common/pico_standard_link/binary_info.c.obj
LOAD CMakeFiles/Joystick_1.dir/C_/Users/karen/.pico-sdk/sdk/1.5.1/src/rp2_common/pico_stdio/stdio.c.obj
LOAD CMakeFiles/Joystick_1.dir/C_/Users/karen/.pico-sdk/sdk/1.5.1/src/rp2_common/hardware_i2c/i2c.c.obj
LOAD CMakeFiles/Joystick_1.dir/C_/Users/karen/.pico-sdk/sdk/1.5.1/src/rp2_common/hardware_adc/adc.c.obj
LOAD C:\Users\karen\AppData\Local\Temp\cc2EFIXa.o
LOAD C:/Users/karen/.pico-sdk/toolchain/13_2_Rel1/bin/../lib/gcc/arm-none-eabi/13.2.1/thumb/v6-m/nofp\libstdc++.a
LOAD C:/Users/karen/.pico-sdk/toolchain/13_2_Rel1/bin/../lib/gcc/arm-none-eabi/13.2.1/thumb/v6-m/nofp\libm.a
START GROUP
LOAD C:/Users/karen/.pico-sdk/toolchain/13_2_Rel1/bin/../lib/gcc/arm-none-eabi/13.2.1/thumb/v6-m/nofp\libgcc.a
LOAD C:/Users/karen/.pico-sdk/toolchain/13_2_Rel1/bin/../lib/gcc/arm-none-eabi/13.2.1/thumb/v6-m/nofp\libg.a
LOAD C:/Users/karen/.pico-sdk/toolchain/13_2_Rel1/bin/../lib/gcc/arm-none-eabi/13.2.1/thumb/v6-m/nofp\libc.a
END GROUP
START GROUP
LOAD C:/Users/karen/.pico-sdk/toolchain/13_2_Rel1/bin/../lib/gcc/arm-none-eabi/13.2.1/thumb/v6-m/nofp\libgcc.a
LOAD C:/Users/karen/.pico-sdk/toolchain/13_2_Rel1/bin/../lib/gcc/arm-none-eabi/13.2.1/thumb/v6-m/nofp\libc.a
LOAD C:/Users/karen/.pico-sdk/toolchain/13_2_Rel1/bin/../lib/gcc/arm-none-eabi/13.2.1/thumb/v6-m/nofp\libnosys.a
END GROUP
LOAD C:/Users/karen/.pico-sdk/toolchain/13_2_Rel1/bin/../lib/gcc/arm-none-eabi/13.2.1/thumb/v6-m/nofp/crtend.o
LOAD C:/Users/karen/.pico-sdk/toolchain/13_2_Rel1/bin/../lib/gcc/arm-none-eabi/13.2.1/thumb/v6-m/nofp/crtn.o
OUTPUT(Joystick_1.elf elf32-littlearm)
LOAD linker stubs

.ARM.attributes
                0x00000000       0x28
 .ARM.attributes
                0x00000000       0x1e C:/Users/karen/.pico-sdk/toolchain/13_2_Rel1/bin/../lib/gcc/arm-none-eabi/13.2.1/thumb/v6-m/nofp/crti.o
 .ARM.attributes
                0x0000001e       0x2c C:/Users/karen/.pico-sdk/toolchain/13_2_Rel1/bin/../lib/gcc/arm-none-eabi/13.2.1/thumb/v6-m/nofp/crtbegin.o
 .ARM.attributes
                0x0000004a       0x2c CMakeFiles/Joystick_1.dir/Joystick_1.c.obj
 .ARM.attributes
                0x00000076       0x2c CMakeFiles/Joystick_1.dir/inc/ssd1306_i2c.c.obj
 .ARM.attributes
                0x000000a2       0x2c CMakeFiles/Joystick_1.dir/C_/Users/karen/.pico-sdk/sdk/1.5.1/src/rp2_common/hardware_gpio/gpio.c.obj
 .ARM.attributes
                0x000000ce       0x2c CMakeFiles/Joystick_1.dir/C_/Users/karen/.pico-sdk/sdk/1.5.1/src/rp2_common/pico_platform/platform.c.obj
 .ARM.attributes
                0x000000fa       0x2c CMakeFiles/Joystick_1.dir/C_/Users/karen/.pico-sdk/sdk/1.5.1/src/rp2_common/hardware_claim/claim.c.obj
 .ARM.attributes
                0x00000126       0x2c CMakeFiles/Joystick_1.dir/C_/Users/karen/.pico-sdk/sdk/1.5.1/src/rp2_common/hardware_sync/sync.c.obj
 .ARM.attributes
                0x00000152       0x2c CMakeFiles/Joystick_1.dir/C_/Users/karen/.pico-sdk/sdk/1.5.1/src/rp2_common/hardware_irq/irq.c.obj
 .ARM.attributes
                0x0000017e       0x22 CMakeFiles/Joystick_1.dir/C_/Users/karen/.pico-sdk/sdk/1.5.1/src/rp2_common/hardware_irq/irq_handler_chain.S.obj
 .ARM.attributes
                0x000001a0       0x2c CMakeFiles/Joystick_1.dir/C_/Users/karen/.pico-sdk/sdk/1.5.1/src/common/pico_sync/lock_core.c.obj
 .ARM.attributes
                0x000001cc       0x2c CMakeFiles/Joystick_1.dir/C_/Users/karen/.pico-sdk/sdk/1.5.1/src/common/pico_sync/mutex.c.obj
 .ARM.attributes
                0x000001f8       0x2c CMakeFiles/Joystick_1.dir/C_/Users/karen/.pico-sdk/sdk/1.5.1/src/common/pico_time/time.c.obj
 .ARM.attributes
                0x00000224       0x2c CMakeFiles/Joystick_1.dir/C_/Users/karen/.pico-sdk/sdk/1.5.1/src/rp2_common/hardware_timer/timer.c.obj
 .ARM.attributes
                0x00000250       0x2c CMakeFiles/Joystick_1.dir/C_/Users/karen/.pico-sdk/sdk/1.5.1/src/common/pico_util/pheap.c.obj
 .ARM.attributes
                0x0000027c       0x2c CMakeFiles/Joystick_1.dir/C_/Users/karen/.pico-sdk/sdk/1.5.1/src/rp2_common/hardware_clocks/clocks.c.obj
 .ARM.attributes
                0x000002a8       0x2c CMakeFiles/Joystick_1.dir/C_/Users/karen/.pico-sdk/sdk/1.5.1/src/rp2_common/hardware_pll/pll.c.obj
 .ARM.attributes
                0x000002d4       0x2c CMakeFiles/Joystick_1.dir/C_/Users/karen/.pico-sdk/sdk/1.5.1/src/rp2_common/hardware_watchdog/watchdog.c.obj
 .ARM.attributes
                0x00000300       0x2c CMakeFiles/Joystick_1.dir/C_/Users/karen/.pico-sdk/sdk/1.5.1/src/rp2_common/hardware_xosc/xosc.c.obj
 .ARM.attributes
                0x0000032c       0x2c CMakeFiles/Joystick_1.dir/C_/Users/karen/.pico-sdk/sdk/1.5.1/src/rp2_common/pico_runtime/runtime.c.obj
 .ARM.attributes
                0x00000358       0x2c CMakeFiles/Joystick_1.dir/C_/Users/karen/.pico-sdk/sdk/1.5.1/src/rp2_common/pico_printf/printf.c.obj
 .ARM.attributes
                0x00000384       0x22 CMakeFiles/Joystick_1.dir/C_/Users/karen/.pico-sdk/sdk/1.5.1/src/rp2_common/pico_bit_ops/bit_ops_aeabi.S.obj
 .ARM.attributes
                0x000003a6       0x2c CMakeFiles/Joystick_1.dir/C_/Users/karen/.pico-sdk/sdk/1.5.1/src/rp2_common/pico_bootrom/bootrom.c.obj
 .ARM.attributes
                0x000003d2       0x22 CMakeFiles/Joystick_1.dir/C_/Users/karen/.pico-sdk/sdk/1.5.1/src/rp2_common/pico_divider/divider.S.obj
 .ARM.attributes
                0x000003f4       0x22 CMakeFiles/Joystick_1.dir/C_/Users/karen/.pico-sdk/sdk/1.5.1/src/rp2_common/pico_double/double_aeabi.S.obj
 .ARM.attributes
                0x00000416       0x2c CMakeFiles/Joystick_1.dir/C_/Users/karen/.pico-sdk/sdk/1.5.1/src/rp2_common/pico_double/double_init_rom.c.obj
 .ARM.attributes
                0x00000442       0x22 CMakeFiles/Joystick_1.dir/C_/Users/karen/.pico-sdk/sdk/1.5.1/src/rp2_common/pico_double/double_v1_rom_shim.S.obj
 .ARM.attributes
                0x00000464       0x22 CMakeFiles/Joystick_1.dir/C_/Users/karen/.pico-sdk/sdk/1.5.1/src/rp2_common/pico_int64_ops/pico_int64_ops_aeabi.S.obj
 .ARM.attributes
                0x00000486       0x22 CMakeFiles/Joystick_1.dir/C_/Users/karen/.pico-sdk/sdk/1.5.1/src/rp2_common/pico_float/float_aeabi.S.obj
 .ARM.attributes
                0x000004a8       0x2c CMakeFiles/Joystick_1.dir/C_/Users/karen/.pico-sdk/sdk/1.5.1/src/rp2_common/pico_float/float_init_rom.c.obj
 .ARM.attributes
                0x000004d4       0x2c CMakeFiles/Joystick_1.dir/C_/Users/karen/.pico-sdk/sdk/1.5.1/src/rp2_common/pico_malloc/pico_malloc.c.obj
 .ARM.attributes
                0x00000500       0x22 CMakeFiles/Joystick_1.dir/C_/Users/karen/.pico-sdk/sdk/1.5.1/src/rp2_common/pico_mem_ops/mem_ops_aeabi.S.obj
 .ARM.attributes
                0x00000522       0x22 CMakeFiles/Joystick_1.dir/C_/Users/karen/.pico-sdk/sdk/1.5.1/src/rp2_common/pico_standard_link/crt0.S.obj
 .ARM.attributes
                0x00000544       0x2c CMakeFiles/Joystick_1.dir/C_/Users/karen/.pico-sdk/sdk/1.5.1/src/rp2_common/pico_standard_link/binary_info.c.obj
 .ARM.attributes
                0x00000570       0x2c CMakeFiles/Joystick_1.dir/C_/Users/karen/.pico-sdk/sdk/1.5.1/src/rp2_common/pico_stdio/stdio.c.obj
 .ARM.attributes
                0x0000059c       0x2c CMakeFiles/Joystick_1.dir/C_/Users/karen/.pico-sdk/sdk/1.5.1/src/rp2_common/hardware_i2c/i2c.c.obj
 .ARM.attributes
                0x000005c8       0x2c CMakeFiles/Joystick_1.dir/C_/Users/karen/.pico-sdk/sdk/1.5.1/src/rp2_common/hardware_adc/adc.c.obj
 .ARM.attributes
                0x000005f4       0x22 C:\Users\karen\AppData\Local\Temp\cc2EFIXa.o
 .ARM.attributes
                0x00000616       0x1e C:/Users/karen/.pico-sdk/toolchain/13_2_Rel1/bin/../lib/gcc/arm-none-eabi/13.2.1/thumb/v6-m/nofp\libgcc.a(_dvmd_tls.o)
 .ARM.attributes
                0x00000634       0x2c C:/Users/karen/.pico-sdk/toolchain/13_2_Rel1/bin/../lib/gcc/arm-none-eabi/13.2.1/thumb/v6-m/nofp\libg.a(libc_a-malloc.o)
 .ARM.attributes
                0x00000660       0x2c C:/Users/karen/.pico-sdk/toolchain/13_2_Rel1/bin/../lib/gcc/arm-none-eabi/13.2.1/thumb/v6-m/nofp\libg.a(libc_a-mallocr.o)
 .ARM.attributes
                0x0000068c       0x2c C:/Users/karen/.pico-sdk/toolchain/13_2_Rel1/bin/../lib/gcc/arm-none-eabi/13.2.1/thumb/v6-m/nofp\libg.a(libc_a-mlock.o)
 .ARM.attributes
                0x000006b8       0x2c C:/Users/karen/.pico-sdk/toolchain/13_2_Rel1/bin/../lib/gcc/arm-none-eabi/13.2.1/thumb/v6-m/nofp\libg.a(libc_a-ctype_.o)
 .ARM.attributes
                0x000006e4       0x2c C:/Users/karen/.pico-sdk/toolchain/13_2_Rel1/bin/../lib/gcc/arm-none-eabi/13.2.1/thumb/v6-m/nofp\libg.a(libc_a-impure.o)
 .ARM.attributes
                0x00000710       0x2c C:/Users/karen/.pico-sdk/toolchain/13_2_Rel1/bin/../lib/gcc/arm-none-eabi/13.2.1/thumb/v6-m/nofp\libg.a(libc_a-sbrkr.o)
 .ARM.attributes
                0x0000073c       0x2c C:/Users/karen/.pico-sdk/toolchain/13_2_Rel1/bin/../lib/gcc/arm-none-eabi/13.2.1/thumb/v6-m/nofp\libg.a(libc_a-errno.o)
 .ARM.attributes
                0x00000768       0x2c C:/Users/karen/.pico-sdk/toolchain/13_2_Rel1/bin/../lib/gcc/arm-none-eabi/13.2.1/thumb/v6-m/nofp\libg.a(libc_a-lock.o)
 .ARM.attributes
                0x00000794       0x2c C:/Users/karen/.pico-sdk/toolchain/13_2_Rel1/bin/../lib/gcc/arm-none-eabi/13.2.1/thumb/v6-m/nofp\libg.a(libc_a-sysconf.o)
 .ARM.attributes
                0x000007c0       0x2c C:/Users/karen/.pico-sdk/toolchain/13_2_Rel1/bin/../lib/gcc/arm-none-eabi/13.2.1/thumb/v6-m/nofp\libg.a(libc_a-strlen-stub.o)
 .ARM.attributes
                0x000007ec       0x2c C:/Users/karen/.pico-sdk/toolchain/13_2_Rel1/bin/../lib/gcc/arm-none-eabi/13.2.1/thumb/v6-m/nofp\libg.a(libc_a-freer.o)
 .ARM.attributes
                0x00000818       0x2c C:/Users/karen/.pico-sdk/toolchain/13_2_Rel1/bin/../lib/gcc/arm-none-eabi/13.2.1/thumb/v6-m/nofp\libg.a(libc_a-findfp.o)
 .ARM.attributes
                0x00000844       0x2c C:/Users/karen/.pico-sdk/toolchain/13_2_Rel1/bin/../lib/gcc/arm-none-eabi/13.2.1/thumb/v6-m/nofp\libg.a(libc_a-reent.o)
 .ARM.attributes
                0x00000870       0x2c C:/Users/karen/.pico-sdk/toolchain/13_2_Rel1/bin/../lib/gcc/arm-none-eabi/13.2.1/thumb/v6-m/nofp/crtend.o

.comment        0x00000000       0x44
 .comment       0x00000000       0x44 CMakeFiles/Joystick_1.dir/Joystick_1.c.obj
                                 0x45 (size before relaxing)
 .comment       0x00000044       0x45 CMakeFiles/Joystick_1.dir/inc/ssd1306_i2c.c.obj
 .comment       0x00000044       0x45 CMakeFiles/Joystick_1.dir/C_/Users/karen/.pico-sdk/sdk/1.5.1/src/rp2_common/hardware_gpio/gpio.c.obj
 .comment       0x00000044       0x45 CMakeFiles/Joystick_1.dir/C_/Users/karen/.pico-sdk/sdk/1.5.1/src/rp2_common/pico_platform/platform.c.obj
 .comment       0x00000044       0x45 CMakeFiles/Joystick_1.dir/C_/Users/karen/.pico-sdk/sdk/1.5.1/src/rp2_common/hardware_claim/claim.c.obj
 .comment       0x00000044       0x45 CMakeFiles/Joystick_1.dir/C_/Users/karen/.pico-sdk/sdk/1.5.1/src/rp2_common/hardware_sync/sync.c.obj
 .comment       0x00000044       0x45 CMakeFiles/Joystick_1.dir/C_/Users/karen/.pico-sdk/sdk/1.5.1/src/rp2_common/hardware_irq/irq.c.obj
 .comment       0x00000044       0x45 CMakeFiles/Joystick_1.dir/C_/Users/karen/.pico-sdk/sdk/1.5.1/src/common/pico_sync/lock_core.c.obj
 .comment       0x00000044       0x45 CMakeFiles/Joystick_1.dir/C_/Users/karen/.pico-sdk/sdk/1.5.1/src/common/pico_sync/mutex.c.obj
 .comment       0x00000044       0x45 CMakeFiles/Joystick_1.dir/C_/Users/karen/.pico-sdk/sdk/1.5.1/src/common/pico_time/time.c.obj
 .comment       0x00000044       0x45 CMakeFiles/Joystick_1.dir/C_/Users/karen/.pico-sdk/sdk/1.5.1/src/rp2_common/hardware_timer/timer.c.obj
 .comment       0x00000044       0x45 CMakeFiles/Joystick_1.dir/C_/Users/karen/.pico-sdk/sdk/1.5.1/src/common/pico_util/pheap.c.obj
 .comment       0x00000044       0x45 CMakeFiles/Joystick_1.dir/C_/Users/karen/.pico-sdk/sdk/1.5.1/src/rp2_common/hardware_clocks/clocks.c.obj
 .comment       0x00000044       0x45 CMakeFiles/Joystick_1.dir/C_/Users/karen/.pico-sdk/sdk/1.5.1/src/rp2_common/hardware_pll/pll.c.obj
 .comment       0x00000044       0x45 CMakeFiles/Joystick_1.dir/C_/Users/karen/.pico-sdk/sdk/1.5.1/src/rp2_common/hardware_watchdog/watchdog.c.obj
 .comment       0x00000044       0x45 CMakeFiles/Joystick_1.dir/C_/Users/karen/.pico-sdk/sdk/1.5.1/src/rp2_common/hardware_xosc/xosc.c.obj
 .comment       0x00000044       0x45 CMakeFiles/Joystick_1.dir/C_/Users/karen/.pico-sdk/sdk/1.5.1/src/rp2_common/pico_runtime/runtime.c.obj
 .comment       0x00000044       0x45 CMakeFiles/Joystick_1.dir/C_/Users/karen/.pico-sdk/sdk/1.5.1/src/rp2_common/pico_printf/printf.c.obj
 .comment       0x00000044       0x45 CMakeFiles/Joystick_1.dir/C_/Users/karen/.pico-sdk/sdk/1.5.1/src/rp2_common/pico_bootrom/bootrom.c.obj
 .comment       0x00000044       0x45 CMakeFiles/Joystick_1.dir/C_/Users/karen/.pico-sdk/sdk/1.5.1/src/rp2_common/pico_double/double_init_rom.c.obj
 .comment       0x00000044       0x45 CMakeFiles/Joystick_1.dir/C_/Users/karen/.pico-sdk/sdk/1.5.1/src/rp2_common/pico_float/float_init_rom.c.obj
 .comment       0x00000044       0x45 CMakeFiles/Joystick_1.dir/C_/Users/karen/.pico-sdk/sdk/1.5.1/src/rp2_common/pico_malloc/pico_malloc.c.obj
 .comment       0x00000044       0x45 CMakeFiles/Joystick_1.dir/C_/Users/karen/.pico-sdk/sdk/1.5.1/src/rp2_common/pico_standard_link/binary_info.c.obj
 .comment       0x00000044       0x45 CMakeFiles/Joystick_1.dir/C_/Users/karen/.pico-sdk/sdk/1.5.1/src/rp2_common/pico_stdio/stdio.c.obj
 .comment       0x00000044       0x45 CMakeFiles/Joystick_1.dir/C_/Users/karen/.pico-sdk/sdk/1.5.1/src/rp2_common/hardware_i2c/i2c.c.obj
 .comment       0x00000044       0x45 CMakeFiles/Joystick_1.dir/C_/Users/karen/.pico-sdk/sdk/1.5.1/src/rp2_common/hardware_adc/adc.c.obj

.debug_info     0x00000000    0x15cb3
 .debug_info    0x00000000      0xdb7 CMakeFiles/Joystick_1.dir/Joystick_1.c.obj
 .debug_info    0x00000db7     0x10df CMakeFiles/Joystick_1.dir/inc/ssd1306_i2c.c.obj
 .debug_info    0x00001e96     0x184b CMakeFiles/Joystick_1.dir/C_/Users/karen/.pico-sdk/sdk/1.5.1/src/rp2_common/hardware_gpio/gpio.c.obj
 .debug_info    0x000036e1      0x1fb CMakeFiles/Joystick_1.dir/C_/Users/karen/.pico-sdk/sdk/1.5.1/src/rp2_common/pico_platform/platform.c.obj